Component: ARM Compiler 5.06 update 7 (build 960) Tool: armlink [4d3601]

==============================================================================

Section Cross References

    startup_stm32f103xb.o(RESET) refers to startup_stm32f103xb.o(STACK) for __initial_sp
    startup_stm32f103xb.o(RESET) refers to startup_stm32f103xb.o(.text) for Reset_Handler
    startup_stm32f103xb.o(RESET) refers to stm32f1xx_it.o(i.NMI_Handler) for NMI_Handler
    startup_stm32f103xb.o(RESET) refers to stm32f1xx_it.o(i.HardFault_Handler) for HardFault_Handler
    startup_stm32f103xb.o(RESET) refers to stm32f1xx_it.o(i.MemManage_Handler) for MemManage_Handler
    startup_stm32f103xb.o(RESET) refers to stm32f1xx_it.o(i.BusFault_Handler) for BusFault_Handler
    startup_stm32f103xb.o(RESET) refers to stm32f1xx_it.o(i.UsageFault_Handler) for UsageFault_Handler
    startup_stm32f103xb.o(RESET) refers to port.o(.emb_text) for SVC_Handler
    startup_stm32f103xb.o(RESET) refers to stm32f1xx_it.o(i.DebugMon_Handler) for DebugMon_Handler
    startup_stm32f103xb.o(RESET) refers to port.o(i.SysTick_Handler) for SysTick_Handler
    startup_stm32f103xb.o(RESET) refers to stm32f1xx_it.o(i.DMA1_Channel1_IRQHandler) for DMA1_Channel1_IRQHandler
    startup_stm32f103xb.o(RESET) refers to stm32f1xx_it.o(i.DMA1_Channel2_IRQHandler) for DMA1_Channel2_IRQHandler
    startup_stm32f103xb.o(RESET) refers to stm32f1xx_it.o(i.DMA1_Channel3_IRQHandler) for DMA1_Channel3_IRQHandler
    startup_stm32f103xb.o(RESET) refers to stm32f1xx_it.o(i.DMA1_Channel4_IRQHandler) for DMA1_Channel4_IRQHandler
    startup_stm32f103xb.o(RESET) refers to stm32f1xx_it.o(i.DMA1_Channel5_IRQHandler) for DMA1_Channel5_IRQHandler
    startup_stm32f103xb.o(RESET) refers to stm32f1xx_it.o(i.DMA1_Channel6_IRQHandler) for DMA1_Channel6_IRQHandler
    startup_stm32f103xb.o(RESET) refers to stm32f1xx_it.o(i.DMA1_Channel7_IRQHandler) for DMA1_Channel7_IRQHandler
    startup_stm32f103xb.o(RESET) refers to stm32f1xx_it.o(i.ADC1_2_IRQHandler) for ADC1_2_IRQHandler
    startup_stm32f103xb.o(RESET) refers to stm32f1xx_it.o(i.USB_HP_CAN1_TX_IRQHandler) for USB_HP_CAN1_TX_IRQHandler
    startup_stm32f103xb.o(RESET) refers to stm32f1xx_it.o(i.USB_LP_CAN1_RX0_IRQHandler) for USB_LP_CAN1_RX0_IRQHandler
    startup_stm32f103xb.o(RESET) refers to stm32f1xx_it.o(i.CAN1_SCE_IRQHandler) for CAN1_SCE_IRQHandler
    startup_stm32f103xb.o(RESET) refers to stm32f1xx_it.o(i.TIM1_BRK_IRQHandler) for TIM1_BRK_IRQHandler
    startup_stm32f103xb.o(RESET) refers to stm32f1xx_it.o(i.TIM1_UP_IRQHandler) for TIM1_UP_IRQHandler
    startup_stm32f103xb.o(RESET) refers to stm32f1xx_it.o(i.TIM1_TRG_COM_IRQHandler) for TIM1_TRG_COM_IRQHandler
    startup_stm32f103xb.o(RESET) refers to stm32f1xx_it.o(i.TIM1_CC_IRQHandler) for TIM1_CC_IRQHandler
    startup_stm32f103xb.o(RESET) refers to stm32f1xx_it.o(i.TIM4_IRQHandler) for TIM4_IRQHandler
    startup_stm32f103xb.o(RESET) refers to stm32f1xx_it.o(i.I2C1_EV_IRQHandler) for I2C1_EV_IRQHandler
    startup_stm32f103xb.o(RESET) refers to stm32f1xx_it.o(i.I2C1_ER_IRQHandler) for I2C1_ER_IRQHandler
    startup_stm32f103xb.o(RESET) refers to stm32f1xx_it.o(i.SPI1_IRQHandler) for SPI1_IRQHandler
    startup_stm32f103xb.o(RESET) refers to stm32f1xx_it.o(i.USART1_IRQHandler) for USART1_IRQHandler
    startup_stm32f103xb.o(RESET) refers to stm32f1xx_it.o(i.USART3_IRQHandler) for USART3_IRQHandler
    startup_stm32f103xb.o(.text) refers to system_stm32f1xx.o(i.SystemInit) for SystemInit
    startup_stm32f103xb.o(.text) refers to entry.o(.ARM.Collect$$$$00000000) for __main
    main.o(i.HAL_TIM_PeriodElapsedCallback) refers to stm32f1xx_hal.o(i.HAL_IncTick) for HAL_IncTick
    main.o(i.SystemClock_Config) refers to memseta.o(.text) for __aeabi_memclr4
    main.o(i.SystemClock_Config) refers to stm32f1xx_hal_rcc.o(i.HAL_RCC_OscConfig) for HAL_RCC_OscConfig
    main.o(i.SystemClock_Config) refers to stm32f1xx_hal_rcc.o(i.HAL_RCC_ClockConfig) for HAL_RCC_ClockConfig
    main.o(i.SystemClock_Config) refers to stm32f1xx_hal_rcc_ex.o(i.HAL_RCCEx_PeriphCLKConfig) for HAL_RCCEx_PeriphCLKConfig
    main.o(i.main) refers to stm32f1xx_hal.o(i.HAL_Init) for HAL_Init
    main.o(i.main) refers to main.o(i.SystemClock_Config) for SystemClock_Config
    main.o(i.main) refers to gpio.o(i.MX_GPIO_Init) for MX_GPIO_Init
    main.o(i.main) refers to dma.o(i.MX_DMA_Init) for MX_DMA_Init
    main.o(i.main) refers to can.o(i.MX_CAN_Init) for MX_CAN_Init
    main.o(i.main) refers to iwdg.o(i.MX_IWDG_Init) for MX_IWDG_Init
    main.o(i.main) refers to tim.o(i.MX_TIM1_Init) for MX_TIM1_Init
    main.o(i.main) refers to usart.o(i.MX_USART1_UART_Init) for MX_USART1_UART_Init
    main.o(i.main) refers to i2c.o(i.MX_I2C1_Init) for MX_I2C1_Init
    main.o(i.main) refers to spi.o(i.MX_SPI1_Init) for MX_SPI1_Init
    main.o(i.main) refers to adc.o(i.MX_ADC1_Init) for MX_ADC1_Init
    main.o(i.main) refers to usart.o(i.MX_USART3_UART_Init) for MX_USART3_UART_Init
[...]
    memcmp                                   0x08000217   Thumb Code    26  memcmp.o(.text)
    __aeabi_fadd                             0x08000231   Thumb Code   164  fadd.o(.text)
    __aeabi_fsub                             0x080002d5   Thumb Code     6  fadd.o(.text)
    __aeabi_frsub                            0x080002db   Thumb Code     6  fadd.o(.text)
    __aeabi_fmul                             0x080002e1   Thumb Code   100  fmul.o(.text)
    __aeabi_i2f                              0x08000345   Thumb Code    18  fflti.o(.text)
    __aeabi_ui2f                             0x08000357   Thumb Code    10  ffltui.o(.text)
    __I$use$fp                               0x08000361   Thumb Code     0  iusefp.o(.text)
    _float_round                             0x08000361   Thumb Code    18  fepilogue.o(.text)
    _float_epilogue                          0x08000373   Thumb Code    92  fepilogue.o(.text)
    __scatterload                            0x080003d1   Thumb Code    28  init.o(.text)
    __scatterload_rt2                        0x080003d1   Thumb Code     0  init.o(.text)
    __decompress                             0x080003f5   Thumb Code     0  __dczerorl2.o(.text)
    __decompress1                            0x080003f5   Thumb Code    86  __dczerorl2.o(.text)
    ADC1_2_IRQHandler                        0x0800044d   Thumb Code     6  stm32f1xx_it.o(i.ADC1_2_IRQHandler)
    ADC_ConversionStop_Disable               0x08000459   Thumb Code    76  stm32f1xx_hal_adc.o(i.ADC_ConversionStop_Disable)
    ADC_DMAConvCplt                          0x080004a5   Thumb Code    78  stm32f1xx_hal_adc.o(i.ADC_DMAConvCplt)
    ADC_DMAError                             0x080004f3   Thumb Code    26  stm32f1xx_hal_adc.o(i.ADC_DMAError)
    ADC_DMAHalfConvCplt                      0x0800050d   Thumb Code    10  stm32f1xx_hal_adc.o(i.ADC_DMAHalfConvCplt)
    ADC_Enable                               0x08000519   Thumb Code   104  stm32f1xx_hal_adc.o(i.ADC_Enable)
    BusFault_Handler                         0x08000589   Thumb Code     2  stm32f1xx_it.o(i.BusFault_Handler)
    CAN1_SCE_IRQHandler                      0x0800058d   Thumb Code     6  stm32f1xx_it.o(i.CAN1_SCE_IRQHandler)
    Callback01                               0x08000599   Thumb Code    10  freertos.o(i.Callback01)
    DMA1_Channel1_IRQHandler                 0x080005a9   Thumb Code     6  stm32f1xx_it.o(i.DMA1_Channel1_IRQHandler)
    DMA1_Channel2_IRQHandler                 0x080005b5   Thumb Code     6  stm32f1xx_it.o(i.DMA1_Channel2_IRQHandler)
    DMA1_Channel3_IRQHandler                 0x080005c1   Thumb Code     6  stm32f1xx_it.o(i.DMA1_Channel3_IRQHandler)
    DMA1_Channel4_IRQHandler                 0x080005cd   Thumb Code     6  stm32f1xx_it.o(i.DMA1_Channel4_IRQHandler)
    DMA1_Channel5_IRQHandler                 0x080005d9   Thumb Code     6  stm32f1xx_it.o(i.DMA1_Channel5_IRQHandler)
    DMA1_Channel6_IRQHandler                 0x080005e5   Thumb Code     6  stm32f1xx_it.o(i.DMA1_Channel6_IRQHandler)
    DMA1_Channel7_IRQHandler                 0x080005f1   Thumb Code     6  stm32f1xx_it.o(i.DMA1_Channel7_IRQHandler)
    DebugMon_Handler                         0x08000627   Thumb Code     2  stm32f1xx_it.o(i.DebugMon_Handler)
    Error_Handler                            0x08000629   Thumb Code     4  main.o(i.Error_Handler)
    HAL_ADCEx_InjectedConvCpltCallback       0x0800062d   Thumb Code     2  stm32f1xx_hal_adc_ex.o(i.HAL_ADCEx_InjectedConvCpltCallback)
    HAL_ADC_ConfigChannel                    0x08000631   Thumb Code   240  stm32f1xx_hal_adc.o(i.HAL_ADC_ConfigChannel)
    HAL_ADC_ConvCpltCallback                 0x0800072d   Thumb Code     2  stm32f1xx_hal_adc.o(i.HAL_ADC_ConvCpltCallback)
    HAL_ADC_ConvHalfCpltCallback             0x0800072f   Thumb Code     2  stm32f1xx_hal_adc.o(i.HAL_ADC_ConvHalfCpltCallback)
    HAL_ADC_ErrorCallback                    0x08000731   Thumb Code     2  stm32f1xx_hal_adc.o(i.HAL_ADC_ErrorCallback)
    HAL_ADC_IRQHandler                       0x08000733   Thumb Code   230  stm32f1xx_hal_adc.o(i.HAL_ADC_IRQHandler)
    HAL_ADC_Init                             0x08000819   Thumb Code   272  stm32f1xx_hal_adc.o(i.HAL_ADC_Init)
    HAL_ADC_LevelOutOfWindowCallback         0x08000935   Thumb Code     2  stm32f1xx_hal_adc.o(i.HAL_ADC_LevelOutOfWindowCallback)
    HAL_ADC_MspInit                          0x08000939   Thumb Code   140  adc.o(i.HAL_ADC_MspInit)
    HAL_ADC_Start_DMA                        0x080009d9   Thumb Code   246  stm32f1xx_hal_adc.o(i.HAL_ADC_Start_DMA)
    HAL_CAN_ActivateNotification             0x08000ae5   Thumb Code    36  stm32f1xx_hal_can.o(i.HAL_CAN_ActivateNotification)
    HAL_CAN_ConfigFilter                     0x08000b09   Thumb Code   238  stm32f1xx_hal_can.o(i.HAL_CAN_ConfigFilter)
    HAL_CAN_ErrorCallback                    0x08000bf7   Thumb Code    16  my_can.o(i.HAL_CAN_ErrorCallback)
    HAL_CAN_GetRxMessage                     0x08000c07   Thumb Code   232  stm32f1xx_hal_can.o(i.HAL_CAN_GetRxMessage)
    HAL_CAN_IRQHandler                       0x08000cef   Thumb Code   508  stm32f1xx_hal_can.o(i.HAL_CAN_IRQHandler)
    HAL_CAN_Init                             0x08000eeb   Thumb Code   282  stm32f1xx_hal_can.o(i.HAL_CAN_Init)
    HAL_CAN_MspInit                          0x08001005   Thumb Code   144  can.o(i.HAL_CAN_MspInit)
    HAL_CAN_RxFifo0FullCallback              0x080010a1   Thumb Code     2  stm32f1xx_hal_can.o(i.HAL_CAN_RxFifo0FullCallback)
    HAL_CAN_RxFifo0MsgPendingCallback        0x080010a5   Thumb Code    80  my_can.o(i.HAL_CAN_RxFifo0MsgPendingCallback)
    HAL_CAN_RxFifo1FullCallback              0x08001101   Thumb Code     2  stm32f1xx_hal_can.o(i.HAL_CAN_RxFifo1FullCallback)
    HAL_CAN_RxFifo1MsgPendingCallback        0x08001103   Thumb Code     2  stm32f1xx_hal_can.o(i.HAL_CAN_RxFifo1MsgPendingCallback)
    HAL_CAN_SleepCallback                    0x08001105   Thumb Code     2  my_can.o(i.HAL_CAN_SleepCallback)
    HAL_CAN_Start                            0x08001109   Thumb Code    88  stm32f1xx_hal_can.o(i.HAL_CAN_Start)
    HAL_CAN_TxMailbox0AbortCallback          0x08001161   Thumb Code     2  stm32f1xx_hal_can.o(i.HAL_CAN_TxMailbox0AbortCallback)
    HAL_CAN_TxMailbox0CompleteCallback       0x08001163   Thumb Code     2  my_can.o(i.HAL_CAN_TxMailbox0CompleteCallback)
    HAL_CAN_TxMailbox1AbortCallback          0x08001165   Thumb Code     2  stm32f1xx_hal_can.o(i.HAL_CAN_TxMailbox1AbortCallback)
    HAL_CAN_TxMailbox1CompleteCallback       0x08001167   Thumb Code     2  stm32f1xx_hal_can.o(i.HAL_CAN_TxMailbox1CompleteCallback)
    HAL_CAN_TxMailbox2AbortCallback          0x08001169   Thumb Code     2  stm32f1xx_hal_can.o(i.HAL_CAN_TxMailbox2AbortCallback)
    HAL_CAN_TxMailbox2CompleteCallback       0x0800116b   Thumb Code     2  stm32f1xx_hal_can.o(i.HAL_CAN_TxMailbox2CompleteCallback)
    HAL_CAN_WakeUpFromRxMsgCallback          0x0800116d   Thumb Code     2  stm32f1xx_hal_can.o(i.HAL_CAN_WakeUpFromRxMsgCallback)
    HAL_DMA_Abort                            0x0800116f   Thumb Code    70  stm32f1xx_hal_dma.o(i.HAL_DMA_Abort)
    HAL_DMA_Abort_IT                         0x080011b5   Thumb Code   148  stm32f1xx_hal_dma.o(i.HAL_DMA_Abort_IT)
    HAL_DMA_GetState                         0x0800124d   Thumb Code     6  stm32f1xx_hal_dma.o(i.HAL_DMA_GetState)
    HAL_DMA_IRQHandler                       0x08001255   Thumb Code   316  stm32f1xx_hal_dma.o(i.HAL_DMA_IRQHandler)
    HAL_DMA_Init                             0x080013a9   Thumb Code    84  stm32f1xx_hal_dma.o(i.HAL_DMA_Init)
    HAL_DMA_Start_IT                         0x08001405   Thumb Code   112  stm32f1xx_hal_dma.o(i.HAL_DMA_Start_IT)
    HAL_Delay                                0x08001475   Thumb Code    32  stm32f1xx_hal.o(i.HAL_Delay)
    HAL_GPIO_Init                            0x08001499   Thumb Code   446  stm32f1xx_hal_gpio.o(i.HAL_GPIO_Init)
    HAL_GPIO_WritePin                        0x08001679   Thumb Code    10  stm32f1xx_hal_gpio.o(i.HAL_GPIO_WritePin)
    HAL_GetTick                              0x08001685   Thumb Code     6  stm32f1xx_hal.o(i.HAL_GetTick)
    HAL_I2C_AbortCpltCallback                0x08001691   Thumb Code     2  stm32f1xx_hal_i2c.o(i.HAL_I2C_AbortCpltCallback)
    HAL_I2C_AddrCallback                     0x08001693   Thumb Code     2  stm32f1xx_hal_i2c.o(i.HAL_I2C_AddrCallback)
    HAL_I2C_ER_IRQHandler                    0x08001695   Thumb Code   196  stm32f1xx_hal_i2c.o(i.HAL_I2C_ER_IRQHandler)
    HAL_I2C_EV_IRQHandler                    0x08001759   Thumb Code   614  stm32f1xx_hal_i2c.o(i.HAL_I2C_EV_IRQHandler)
    HAL_I2C_ErrorCallback                    0x080019bf   Thumb Code     2  stm32f1xx_hal_i2c.o(i.HAL_I2C_ErrorCallback)
    HAL_I2C_GetState                         0x080019c1   Thumb Code     6  stm32f1xx_hal_i2c.o(i.HAL_I2C_GetState)
    HAL_I2C_Init                             0x080019c9   Thumb Code   376  stm32f1xx_hal_i2c.o(i.HAL_I2C_Init)
    HAL_I2C_ListenCpltCallback               0x08001b51   Thumb Code     2  stm32f1xx_hal_i2c.o(i.HAL_I2C_ListenCpltCallback)
    HAL_I2C_MasterRxCpltCallback             0x08001b53   Thumb Code     2  my_i2c.o(i.HAL_I2C_MasterRxCpltCallback)
    HAL_I2C_MasterTxCpltCallback             0x08001b55   Thumb Code    28  my_i2c.o(i.HAL_I2C_MasterTxCpltCallback)
    HAL_I2C_Master_Receive_DMA               0x08001b75   Thumb Code   304  stm32f1xx_hal_i2c.o(i.HAL_I2C_Master_Receive_DMA)
    HAL_I2C_Master_Receive_IT                0x08001cb5   Thumb Code   190  stm32f1xx_hal_i2c.o(i.HAL_I2C_Master_Receive_IT)
    HAL_I2C_Master_Transmit                  0x08001d7d   Thumb Code   290  stm32f1xx_hal_i2c.o(i.HAL_I2C_Master_Transmit)
    HAL_I2C_Master_Transmit_DMA              0x08001ea9   Thumb Code   304  stm32f1xx_hal_i2c.o(i.HAL_I2C_Master_Transmit_DMA)
    HAL_I2C_Master_Transmit_IT               0x08001fe9   Thumb Code   180  stm32f1xx_hal_i2c.o(i.HAL_I2C_Master_Transmit_IT)
    HAL_I2C_MemRxCpltCallback                0x080020a5   Thumb Code     2  my_i2c.o(i.HAL_I2C_MemRxCpltCallback)
    HAL_I2C_MemTxCpltCallback                0x080020a7   Thumb Code     2  my_i2c.o(i.HAL_I2C_MemTxCpltCallback)
    HAL_I2C_MspInit                          0x080020a9   Thumb Code   222  i2c.o(i.HAL_I2C_MspInit)
    HAL_I2C_SlaveRxCpltCallback              0x080021a1   Thumb Code     2  stm32f1xx_hal_i2c.o(i.HAL_I2C_SlaveRxCpltCallback)
    HAL_I2C_SlaveTxCpltCallback              0x080021a3   Thumb Code     2  stm32f1xx_hal_i2c.o(i.HAL_I2C_SlaveTxCpltCallback)
    HAL_IWDG_Init                            0x080021a5   Thumb Code    82  stm32f1xx_hal_iwdg.o(i.HAL_IWDG_Init)
    HAL_IWDG_Refresh                         0x080021f7   Thumb Code    12  stm32f1xx_hal_iwdg.o(i.HAL_IWDG_Refresh)
    HAL_IncTick                              0x08002205   Thumb Code    12  stm32f1xx_hal.o(i.HAL_IncTick)
    HAL_Init                                 0x08002215   Thumb Code    32  stm32f1xx_hal.o(i.HAL_Init)
    HAL_InitTick                             0x08002239   Thumb Code   100  stm32f1xx_hal_timebase_tim.o(i.HAL_InitTick)
    HAL_MspInit                              0x080022ad   Thumb Code    62  stm32f1xx_hal_msp.o(i.HAL_MspInit)
    HAL_NVIC_EnableIRQ                       0x080022f5   Thumb Code    26  stm32f1xx_hal_cortex.o(i.HAL_NVIC_EnableIRQ)
    HAL_NVIC_SetPriority                     0x08002311   Thumb Code    60  stm32f1xx_hal_cortex.o(i.HAL_NVIC_SetPriority)
    HAL_NVIC_SetPriorityGrouping             0x08002351   Thumb Code    26  stm32f1xx_hal_cortex.o(i.HAL_NVIC_SetPriorityGrouping)
    HAL_RCCEx_PeriphCLKConfig                0x08002375   Thumb Code   224  stm32f1xx_hal_rcc_ex.o(i.HAL_RCCEx_PeriphCLKConfig)
    HAL_RCC_ClockConfig                      0x08002461   Thumb Code   280  stm32f1xx_hal_rcc.o(i.HAL_RCC_ClockConfig)
    HAL_RCC_GetClockConfig                   0x0800258d   Thumb Code    54  stm32f1xx_hal_rcc.o(i.HAL_RCC_GetClockConfig)
    HAL_RCC_GetPCLK1Freq                     0x080025cd   Thumb Code    20  stm32f1xx_hal_rcc.o(i.HAL_RCC_GetPCLK1Freq)
    HAL_RCC_GetPCLK2Freq                     0x080025ed   Thumb Code    20  stm32f1xx_hal_rcc.o(i.HAL_RCC_GetPCLK2Freq)
    HAL_RCC_GetSysClockFreq                  0x0800260d   Thumb Code    74  stm32f1xx_hal_rcc.o(i.HAL_RCC_GetSysClockFreq)
    HAL_RCC_OscConfig                        0x08002679   Thumb Code   778  stm32f1xx_hal_rcc.o(i.HAL_RCC_OscConfig)
    HAL_SPI_ErrorCallback                    0x08002999   Thumb Code     2  stm32f1xx_hal_spi.o(i.HAL_SPI_ErrorCallback)
    HAL_SPI_IRQHandler                       0x0800299d   Thumb Code   220  stm32f1xx_hal_spi.o(i.HAL_SPI_IRQHandler)
    HAL_SPI_Init                             0x08002a7d   Thumb Code   178  stm32f1xx_hal_spi.o(i.HAL_SPI_Init)
    HAL_SPI_MspInit                          0x08002b31   Thumb Code   208  spi.o(i.HAL_SPI_MspInit)
    HAL_TIMEx_BreakCallback                  0x08002c15   Thumb Code     2  stm32f1xx_hal_tim_ex.o(i.HAL_TIMEx_BreakCallback)
    HAL_TIMEx_CommutCallback                 0x08002c17   Thumb Code     2  stm32f1xx_hal_tim_ex.o(i.HAL_TIMEx_CommutCallback)
    HAL_TIMEx_ConfigBreakDeadTime            0x08002c19   Thumb Code    84  stm32f1xx_hal_tim_ex.o(i.HAL_TIMEx_ConfigBreakDeadTime)
    HAL_TIMEx_MasterConfigSynchronization    0x08002c6d   Thumb Code    92  stm32f1xx_hal_tim_ex.o(i.HAL_TIMEx_MasterConfigSynchronization)
    HAL_TIM_Base_Init                        0x08002cd5   Thumb Code    90  stm32f1xx_hal_tim.o(i.HAL_TIM_Base_Init)
    HAL_TIM_Base_MspInit                     0x08002d31   Thumb Code    98  tim.o(i.HAL_TIM_Base_MspInit)
    HAL_TIM_Base_Start_IT                    0x08002d9d   Thumb Code    76  stm32f1xx_hal_tim.o(i.HAL_TIM_Base_Start_IT)
    HAL_TIM_ConfigClockSource                0x08002df5   Thumb Code   214  stm32f1xx_hal_tim.o(i.HAL_TIM_ConfigClockSource)
    HAL_TIM_IC_CaptureCallback               0x08002ecb   Thumb Code     2  stm32f1xx_hal_tim.o(i.HAL_TIM_IC_CaptureCallback)
    HAL_TIM_IRQHandler                       0x08002ecd   Thumb Code   358  stm32f1xx_hal_tim.o(i.HAL_TIM_IRQHandler)
    HAL_TIM_MspPostInit                      0x08003035   Thumb Code    64  tim.o(i.HAL_TIM_MspPostInit)
    HAL_TIM_OC_ConfigChannel                 0x08003081   Thumb Code    76  stm32f1xx_hal_tim.o(i.HAL_TIM_OC_ConfigChannel)
    HAL_TIM_OC_DelayElapsedCallback          0x080030cd   Thumb Code     2  stm32f1xx_hal_tim.o(i.HAL_TIM_OC_DelayElapsedCallback)
    HAL_TIM_OC_Init                          0x080030cf   Thumb Code    90  stm32f1xx_hal_tim.o(i.HAL_TIM_OC_Init)
    HAL_TIM_OC_MspInit                       0x08003129   Thumb Code     2  stm32f1xx_hal_tim.o(i.HAL_TIM_OC_MspInit)
    HAL_TIM_PWM_PulseFinishedCallback        0x0800312b   Thumb Code     2  stm32f1xx_hal_tim.o(i.HAL_TIM_PWM_PulseFinishedCallback)
    HAL_TIM_PeriodElapsedCallback            0x0800312d   Thumb Code    14  main.o(i.HAL_TIM_PeriodElapsedCallback)
    HAL_TIM_TriggerCallback                  0x08003141   Thumb Code     2  stm32f1xx_hal_tim.o(i.HAL_TIM_TriggerCallback)
    HAL_UART_AbortReceiveCpltCallback        0x08003143   Thumb Code     2  stm32f1xx_hal_uart.o(i.HAL_UART_AbortReceiveCpltCallback)
    HAL_UART_AbortReceive_IT                 0x08003145   Thumb Code    88  stm32f1xx_hal_uart.o(i.HAL_UART_AbortReceive_IT)
    HAL_UART_DMAStop                         0x080031a1   Thumb Code    88  stm32f1xx_hal_uart.o(i.HAL_UART_DMAStop)
    HAL_UART_ErrorCallback                   0x080031f9   Thumb Code     2  stm32f1xx_hal_uart.o(i.HAL_UART_ErrorCallback)
    HAL_UART_IRQHandler                      0x080031fd   Thumb Code   344  stm32f1xx_hal_uart.o(i.HAL_UART_IRQHandler)
    HAL_UART_Init                            0x08003359   Thumb Code    98  stm32f1xx_hal_uart.o(i.HAL_UART_Init)
    HAL_UART_MspInit                         0x080033bd   Thumb Code   306  usart.o(i.HAL_UART_MspInit)
    HAL_UART_Receive_DMA                     0x0800350d   Thumb Code   138  stm32f1xx_hal_uart.o(i.HAL_UART_Receive_DMA)
    HAL_UART_Receive_IT                      0x080035a5   Thumb Code    82  stm32f1xx_hal_uart.o(i.HAL_UART_Receive_IT)
    HAL_UART_RxCpltCallback                  0x080035f7   Thumb Code     2  my_usart.o(i.HAL_UART_RxCpltCallback)
    HAL_UART_RxHalfCpltCallback              0x080035f9   Thumb Code     2  stm32f1xx_hal_uart.o(i.HAL_UART_RxHalfCpltCallback)
    HAL_UART_Transmit_DMA                    0x080035fd   Thumb Code   114  stm32f1xx_hal_uart.o(i.HAL_UART_Transmit_DMA)
    HAL_UART_Transmit_IT                     0x0800367d   Thumb Code    62  stm32f1xx_hal_uart.o(i.HAL_UART_Transmit_IT)
    HAL_UART_TxCpltCallback                  0x080036bb   Thumb Code    32  my_usart.o(i.HAL_UART_TxCpltCallback)
    HAL_UART_TxHalfCpltCallback              0x080036db   Thumb Code     2  stm32f1xx_hal_uart.o(i.HAL_UART_TxHalfCpltCallback)
    HardFault_Handler                        0x080036dd   Thumb Code     2  stm32f1xx_it.o(i.HardFault_Handler)
    I2C1_ER_IRQHandler                       0x080036e1   Thumb Code     6  stm32f1xx_it.o(i.I2C1_ER_IRQHandler)
    I2C1_EV_IRQHandler                       0x080036ed   Thumb Code     6  stm32f1xx_it.o(i.I2C1_EV_IRQHandler)
    IWDG_Feed                                0x080043f9   Thumb Code     6  my_iwdg.o(i.IWDG_Feed)
    MX_ADC1_Init                             0x08004405   Thumb Code   130  adc.o(i.MX_ADC1_Init)
    MX_CAN_Init                              0x08004491   Thumb Code    60  can.o(i.MX_CAN_Init)
    MX_DMA_Init                              0x080044d5   Thumb Code   136  dma.o(i.MX_DMA_Init)
    MX_FREERTOS_Init                         0x08004561   Thumb Code    48  freertos.o(i.MX_FREERTOS_Init)
    MX_GPIO_Init                             0x080045a5   Thumb Code    54  gpio.o(i.MX_GPIO_Init)
    MX_I2C1_Init                             0x080045e1   Thumb Code    50  i2c.o(i.MX_I2C1_Init)
    MX_IWDG_Init                             0x08004621   Thumb Code    36  iwdg.o(i.MX_IWDG_Init)
    MX_SPI1_Init                             0x0800464d   Thumb Code    62  spi.o(i.MX_SPI1_Init)
    MX_TIM1_Init                             0x08004695   Thumb Code   240  tim.o(i.MX_TIM1_Init)
    MX_USART1_UART_Init                      0x0800478d   Thumb Code    48  usart.o(i.MX_USART1_UART_Init)
    MX_USART3_UART_Init                      0x080047c5   Thumb Code    48  usart.o(i.MX_USART3_UART_Init)
    MemManage_Handler                        0x080047fd   Thumb Code     2  stm32f1xx_it.o(i.MemManage_Handler)
    NMI_Handler                              0x080047ff   Thumb Code     2  stm32f1xx_it.o(i.NMI_Handler)
    SPI1_IRQHandler                          0x08004801   Thumb Code     6  stm32f1xx_it.o(i.SPI1_IRQHandler)
    StartDefaultTask                         0x0800481d   Thumb Code    46  freertos.o(i.StartDefaultTask)
    StartTask_tty                            0x08004851   Thumb Code    48  freertos.o(i.StartTask_tty)
    SysTick_Handler                          0x08004889   Thumb Code    38  port.o(i.SysTick_Handler)
    SystemClock_Config                       0x080048b5   Thumb Code   128  main.o(i.SystemClock_Config)
    SystemInit                               0x08004935   Thumb Code    56  system_stm32f1xx.o(i.SystemInit)
    TIM1_BRK_IRQHandler                      0x0800497d   Thumb Code     6  stm32f1xx_it.o(i.TIM1_BRK_IRQHandler)
    TIM1_CC_IRQHandler                       0x08004989   Thumb Code     6  stm32f1xx_it.o(i.TIM1_CC_IRQHandler)
    TIM1_TRG_COM_IRQHandler                  0x08004995   Thumb Code     6  stm32f1xx_it.o(i.TIM1_TRG_COM_IRQHandler)
    TIM1_UP_IRQHandler                       0x080049a1   Thumb Code     6  stm32f1xx_it.o(i.TIM1_UP_IRQHandler)
    TIM4_IRQHandler                          0x080049ad   Thumb Code     6  stm32f1xx_it.o(i.TIM4_IRQHandler)
    TIM_Base_SetConfig                       0x080049b9   Thumb Code    94  stm32f1xx_hal_tim.o(i.TIM_Base_SetConfig)
    TIM_ETR_SetConfig                        0x08004a25   Thumb Code    20  stm32f1xx_hal_tim.o(i.TIM_ETR_SetConfig)
    TIM_OC2_SetConfig                        0x08004a99   Thumb Code    84  stm32f1xx_hal_tim.o(i.TIM_OC2_SetConfig)
    USART1_IRQHandler                        0x08004e49   Thumb Code    24  stm32f1xx_it.o(i.USART1_IRQHandler)
    USART3_IRQHandler                        0x08004e69   Thumb Code    22  stm32f1xx_it.o(i.USART3_IRQHandler)
    USB_HP_CAN1_TX_IRQHandler                0x08004e85   Thumb Code     6  stm32f1xx_it.o(i.USB_HP_CAN1_TX_IRQHandler)
    USB_LP_CAN1_RX0_IRQHandler               0x08004e91   Thumb Code     6  stm32f1xx_it.o(i.USB_LP_CAN1_RX0_IRQHandler)
    UsageFault_Handler                       0x08004e9d   Thumb Code     2  stm32f1xx_it.o(i.UsageFault_Handler)
    __scatterload_copy                       0x08004ebf   Thumb Code    14  handlers.o(i.__scatterload_copy)
    __scatterload_null                       0x08004ecd   Thumb Code     2  handlers.o(i.__scatterload_null)
    __scatterload_zeroinit                   0x08004ecf   Thumb Code    14  handlers.o(i.__scatterload_zeroinit)
    adc_port2index                           0x08004edd   Thumb Code    30  my_adc.o(i.adc_port2index)
    ascii2hex_bytes                          0x08004f01   Thumb Code   128  my_tty.o(i.ascii2hex_bytes)
    calculate_communication_quality          0x08004f81   Thumb Code    76  my_usart.o(i.calculate_communication_quality)
    can_filter_cfg                           0x08004fd9   Thumb Code    52  my_can.o(i.can_filter_cfg)
    can_handle2index                         0x08005011   Thumb Code    32  my_can.o(i.can_handle2index)
    custom_peripherals_init                  0x08005035   Thumb Code    20  my_task.o(i.custom_peripherals_init)
    event_groups_flag                        0x08005049   Thumb Code    24  my_queue_event.o(i.event_groups_flag)
    extract_para                             0x08005065   Thumb Code   100  my_tty.o(i.extract_para)
    find_mark                                0x080050c9   Thumb Code    22  my_tty.o(i.find_mark)
    find_marks                               0x080050df   Thumb Code    60  my_tty.o(i.find_marks)
    find_str                                 0x0800511b   Thumb Code    72  my_tty.o(i.find_str)
    free                                     0x08005165   Thumb Code    76  malloc.o(i.free)
    get_default_method                       0x080051b5   Thumb Code    50  my_tty.o(i.get_default_method)
    get_func_name                            0x080051e9   Thumb Code    78  my_tty.o(i.get_func_name)
    get_func_para_num                        0x0800523d   Thumb Code   122  my_tty.o(i.get_func_para_num)
    get_func_para_type                       0x080052b7   Thumb Code    62  my_tty.o(i.get_func_para_type)
    get_func_para_val                        0x080052f5   Thumb Code   228  my_tty.o(i.get_func_para_val)
    get_func_ret_type                        0x080053e1   Thumb Code    96  my_tty.o(i.get_func_ret_type)
    get_para                                 0x08005445   Thumb Code   142  my_tty.o(i.get_para)
    get_type_size                            0x080054d3   Thumb Code    48  my_tty.o(i.get_type_size)
    hex_str2hex                              0x08005505   Thumb Code   236  my_tty.o(i.hex_str2hex)
    i2c_handle2index                         0x080055f1   Thumb Code    32  my_i2c.o(i.i2c_handle2index)
    i2c_port2handle                          0x08005615   Thumb Code    46  my_i2c.o(i.i2c_port2handle)
    main                                     0x08005649   Thumb Code    66  main.o(i.main)
    malloc                                   0x0800568d   Thumb Code    92  malloc.o(i.malloc)
    matching_func_name                       0x080056f9   Thumb Code    88  my_tty.o(i.matching_func_name)
    my_pow                                   0x08005755   Thumb Code    38  my_tty.o(i.my_pow)
    my_uart_init                             0x0800577d   Thumb Code    78  my_usart.o(i.my_uart_init)
    my_uart_para_cfg                         0x080057d1   Thumb Code   126  my_usart.o(i.my_uart_para_cfg)
    my_usart_rx_IRQ                          0x08005855   Thumb Code   184  my_usart.o(i.my_usart_rx_IRQ)
    osDelay                                  0x08005915   Thumb Code    46  cmsis_os2.o(i.osDelay)
    osKernelInitialize                       0x08005949   Thumb Code    50  cmsis_os2.o(i.osKernelInitialize)
    osKernelStart                            0x08005981   Thumb Code    58  cmsis_os2.o(i.osKernelStart)
    osThreadNew                              0x080059c1   Thumb Code   160  cmsis_os2.o(i.osThreadNew)
    osTimerNew                               0x08005a65   Thumb Code   124  cmsis_os2.o(i.osTimerNew)
    osTimerStart                             0x08005ae9   Thumb Code    70  cmsis_os2.o(i.osTimerStart)
    pvPortMalloc                             0x080063d9   Thumb Code   210  heap_4.o(i.pvPortMalloc)
    pvTaskIncrementMutexHeldCount            0x080064b1   Thumb Code    18  tasks.o(i.pvTaskIncrementMutexHeldCount)
    pvTimerGetTimerID                        0x080064c9   Thumb Code    36  timers.o(i.pvTimerGetTimerID)
    pxPortInitialiseStack                    0x080064ed   Thumb Code    32  port.o(i.pxPortInitialiseStack)
    que_event_sem_init                       0x08006511   Thumb Code   202  my_queue_event.o(i.que_event_sem_init)
    read_msg                                 0x080065e1   Thumb Code    92  my_i2c.o(i.read_msg)
    response_func_cmd                        0x08006641   Thumb Code   156  my_tty.o(i.response_func_cmd)
    run_call_func                            0x080066e5   Thumb Code    90  my_tty.o(i.run_call_func)
    skip_func_para_n                         0x08006745   Thumb Code   134  my_tty.o(i.skip_func_para_n)
    skip_mark                                0x080067cb   Thumb Code    22  my_tty.o(i.skip_mark)
    start_adc_dma                            0x080067e1   Thumb Code    32  my_adc.o(i.start_adc_dma)
    str2float                                0x08006805   Thumb Code   136  my_tty.o(i.str2float)
    str2int                                  0x08006891   Thumb Code    36  my_tty.o(i.str2int)
    str2type                                 0x080068b5   Thumb Code   130  my_tty.o(i.str2type)
    tty_test                                 0x08006969   Thumb Code     2  my_tty.o(i.tty_test)
    uart_handle2index                        0x0800696d   Thumb Code    36  my_usart.o(i.uart_handle2index)
    uart_handle2port                         0x08006995   Thumb Code    48  my_usart.o(i.uart_handle2port)
    uart_port2index                          0x080069c9   Thumb Code    38  my_usart.o(i.uart_port2index)
    usart_send                               0x080069f5   Thumb Code   102  my_usart.o(i.usart_send)
    uxListRemove                             0x08006a61   Thumb Code    38  list.o(i.uxListRemove)
    vApplicationGetIdleTaskMemory            0x08006a89   Thumb Code    16  cmsis_os2.o(i.vApplicationGetIdleTaskMemory)
    vApplicationGetTimerTaskMemory           0x08006a9d   Thumb Code    18  cmsis_os2.o(i.vApplicationGetTimerTaskMemory)
    vListInitialise                          0x08006ab5   Thumb Code    22  list.o(i.vListInitialise)
    vListInitialiseItem                      0x08006acb   Thumb Code     6  list.o(i.vListInitialiseItem)
    vListInsert                              0x08006ad1   Thumb Code    48  list.o(i.vListInsert)
    vListInsertEnd                           0x08006b01   Thumb Code    24  list.o(i.vListInsertEnd)
    vPortEnterCritical                       0x08006b19   Thumb Code    54  port.o(i.vPortEnterCritical)
    vPortExitCritical                        0x08006b59   Thumb Code    34  port.o(i.vPortExitCritical)
    vPortFree                                0x08006b81   Thumb Code    88  heap_4.o(i.vPortFree)
    vPortSetupTimerInterrupt                 0x08006bdd   Thumb Code    32  port.o(i.vPortSetupTimerInterrupt)
    vPortValidateInterruptPriority           0x08006c01   Thumb Code    74  port.o(i.vPortValidateInterruptPriority)
    vQueueAddToRegistry                      0x08006c55   Thumb Code    34  queue.o(i.vQueueAddToRegistry)
    vQueueWaitForMessageRestricted           0x08006c7d   Thumb Code    68  queue.o(i.vQueueWaitForMessageRestricted)
    vTaskDelay                               0x08006cc1   Thumb Code    66  tasks.o(i.vTaskDelay)
    vTaskDelayUntil                          0x08006d0d   Thumb Code   132  tasks.o(i.vTaskDelayUntil)
    vTaskInternalSetTimeOutState             0x08006d99   Thumb Code    12  tasks.o(i.vTaskInternalSetTimeOutState)
    vTaskMissedYield                         0x08006da9   Thumb Code     8  tasks.o(i.vTaskMissedYield)
    vTaskPlaceOnEventList                    0x08006db5   Thumb Code    44  tasks.o(i.vTaskPlaceOnEventList)
    vTaskPlaceOnEventListRestricted          0x08006de5   Thumb Code    52  tasks.o(i.vTaskPlaceOnEventListRestricted)
    vTaskPriorityDisinheritAfterTimeout      0x08006e1d   Thumb Code   134  tasks.o(i.vTaskPriorityDisinheritAfterTimeout)
    vTaskStartScheduler                      0x08006ead   Thumb Code   118  tasks.o(i.vTaskStartScheduler)
    vTaskSuspendAll                          0x08006f35   Thumb Code    10  tasks.o(i.vTaskSuspendAll)
    vTaskSwitchContext                       0x08006f45   Thumb Code    90  tasks.o(i.vTaskSwitchContext)
    wait_i2c_ready                           0x08006fa9   Thumb Code    44  my_i2c.o(i.wait_i2c_ready)
    write_msg                                0x08006fd5   Thumb Code    70  my_i2c.o(i.write_msg)
    xEventGroupCreate                        0x08007021   Thumb Code    28  event_groups.o(i.xEventGroupCreate)
    xPortStartScheduler                      0x0800703d   Thumb Code   154  port.o(i.xPortStartScheduler)
    xQueueGenericCreate                      0x080070e5   Thumb Code    72  queue.o(i.xQueueGenericCreate)
    xQueueGenericCreateStatic                0x0800712d   Thumb Code   102  queue.o(i.xQueueGenericCreateStatic)
    xQueueGenericReset                       0x08007195   Thumb Code   132  queue.o(i.xQueueGenericReset)
    xQueueGenericSend                        0x0800721d   Thumb Code   346  queue.o(i.xQueueGenericSend)
    xQueueGenericSendFromISR                 0x0800737d   Thumb Code   188  queue.o(i.xQueueGenericSendFromISR)
    xQueueGiveFromISR                        0x08007439   Thumb Code   156  queue.o(i.xQueueGiveFromISR)
    xQueueReceive                            0x080074d5   Thumb Code   308  queue.o(i.xQueueReceive)
    xQueueSemaphoreTake                      0x0800760d   Thumb Code   372  queue.o(i.xQueueSemaphoreTake)
    xStreamBufferGenericCreate               0x08007785   Thumb Code    82  stream_buffer.o(i.xStreamBufferGenericCreate)
    xStreamBufferSendFromISR                 0x080077d7   Thumb Code   142  stream_buffer.o(i.xStreamBufferSendFromISR)
    xStreamBufferSpacesAvailable             0x08007865   Thumb Code    38  stream_buffer.o(i.xStreamBufferSpacesAvailable)
    xTaskCheckForTimeOut                     0x0800788d   Thumb Code   112  tasks.o(i.xTaskCheckForTimeOut)
    xTaskCreate                              0x08007901   Thumb Code    90  tasks.o(i.xTaskCreate)
    xTaskCreateStatic                        0x0800795b   Thumb Code    86  tasks.o(i.xTaskCreateStatic)
    xTaskGenericNotifyFromISR                0x080079b1   Thumb Code   226  tasks.o(i.xTaskGenericNotifyFromISR)
    xTaskGetSchedulerState                   0x08007aa1   Thumb Code    22  tasks.o(i.xTaskGetSchedulerState)
    xTaskGetTickCount                        0x08007abd   Thumb Code     6  tasks.o(i.xTaskGetTickCount)
    xTaskIncrementTick                       0x08007ac9   Thumb Code   190  tasks.o(i.xTaskIncrementTick)
    xTaskPriorityDisinherit                  0x08007b91   Thumb Code   118  tasks.o(i.xTaskPriorityDisinherit)
    xTaskPriorityInherit                     0x08007c11   Thumb Code   112  tasks.o(i.xTaskPriorityInherit)
    xTaskRemoveFromEventList                 0x08007c89   Thumb Code    98  tasks.o(i.xTaskRemoveFromEventList)
    xTaskResumeAll                           0x08007cf9   Thumb Code   182  tasks.o(i.xTaskResumeAll)
    xTimerCreate                             0x08007dbd   Thumb Code    52  timers.o(i.xTimerCreate)
    xTimerCreateStatic                       0x08007df1   Thumb Code    46  timers.o(i.xTimerCreateStatic)
    xTimerCreateTimerTask                    0x08007e21   Thumb Code    78  timers.o(i.xTimerCreateTimerTask)
    xTimerGenericCommand                     0x08007e81   Thumb Code    98  timers.o(i.xTimerGenericCommand)
    defaultTask_attributes                   0x08007ee8   Data          36  freertos.o(.constdata)
    myTask_tty_attributes                    0x08007f0c   Data          36  freertos.o(.constdata)
    myTimer01_attributes                     0x08007f30   Data          16  freertos.o(.constdata)
    AHBPrescTable                            0x08007f40   Data          16  system_stm32f1xx.o(.constdata)
    APBPrescTable                            0x08007f50   Data           8  system_stm32f1xx.o(.constdata)
    Region$$Table$$Base                      0x08007fbc   Number         0  anon$$obj.o(Region$$Table)
    Region$$Table$$Limit                     0x08007fdc   Number         0  anon$$obj.o(Region$$Table)
    defaultTaskHandle                        0x20000000   Data           4  freertos.o(.data)
    myTask_ttyHandle                         0x20000004   Data           4  freertos.o(.data)
    myTimer01Handle                          0x20000008   Data           4  freertos.o(.data)
    adc_info                                 0x2000000c   Data          16  my_adc.o(.data)
    adc1_val                                 0x2000001c   Data           8  my_adc.o(.data)
    usart_info                               0x20000024   Data         104  my_usart.o(.data)
    i2c_info                                 0x2000008c   Data          40  my_i2c.o(.data)
    can_info                                 0x200000b4   Data          24  my_can.o(.data)
    can1_rx_data                             0x200000cc   Data           8  my_can.o(.data)
    can1_tx_data                             0x200000d4   Data           8  my_can.o(.data)
    myBinarySem01Handle                      0x200000dc   Data           4  my_queue_event.o(.data)
    myBinarySem02Handle                      0x200000e0   Data           4  my_queue_event.o(.data)
    myBinarySem03Handle                      0x200000e4   Data           4  my_queue_event.o(.data)
    myBinarySem04Handle                      0x200000e8   Data           4  my_queue_event.o(.data)
    myBinarySem05Handle                      0x200000ec   Data           4  my_queue_event.o(.data)
    myBinarySem06Handle                      0x200000f0   Data           4  my_queue_event.o(.data)
    myBinarySem07Handle                      0x200000f4   Data           4  my_queue_event.o(.data)
    myBinarySem08Handle                      0x200000f8   Data           4  my_queue_event.o(.data)
    StreamBuffer_uart1                       0x200000fc   Data           4  my_queue_event.o(.data)
    StreamBuffer_uart2                       0x20000100   Data           4  my_queue_event.o(.data)
    StreamBuffer_uart3                       0x20000104   Data           4  my_queue_event.o(.data)
    StreamBuffer_uart4                       0x20000108   Data           4  my_queue_event.o(.data)
    StreamBuffer_data2can                    0x2000010c   Data           4  my_queue_event.o(.data)
    StreamBuffer_data2log                    0x20000110   Data           4  my_queue_event.o(.data)
    event_groups_user1                       0x20000114   Data           4  my_queue_event.o(.data)
    event_groups_user2                       0x20000118   Data           4  my_queue_event.o(.data)
    event_groups_user3                       0x2000011c   Data           4  my_queue_event.o(.data)
    Unix_timestamp                           0x20000120   Data           4  my_task.o(.data)
    func_info                                0x20000124   Data          16  my_tty.o(.data)
    uwTickFreq                               0x20000134   Data           1  stm32f1xx_hal.o(.data)
    uwTickPrio                               0x20000138   Data           4  stm32f1xx_hal.o(.data)
    uwTick                                   0x2000013c   Data           4  stm32f1xx_hal.o(.data)
    SystemCoreClock                          0x20000140   Data           4  system_stm32f1xx.o(.data)
    pxCurrentTCB                             0x20000144   Data           4  tasks.o(.data)
    __microlib_freelist                      0x200001bc   Data           4  mvars.o(.data)
    __microlib_freelist_initialised          0x200001c0   Data           4  mvars.o(.data)
    hadc1                                    0x200001c4   Data          48  adc.o(.bss)
    hdma_adc1                                0x200001f4   Data          68  adc.o(.bss)
    hcan                                     0x20000238   Data          40  can.o(.bss)
    hi2c1                                    0x20000260   Data          84  i2c.o(.bss)
    hdma_i2c1_rx                             0x200002b4   Data          68  i2c.o(.bss)
    hdma_i2c1_tx                             0x200002f8   Data          68  i2c.o(.bss)
    hiwdg                                    0x2000033c   Data          12  iwdg.o(.bss)
    hspi1                                    0x20000348   Data          88  spi.o(.bss)
    hdma_spi1_rx                             0x200003a0   Data          68  spi.o(.bss)
    hdma_spi1_tx                             0x200003e4   Data          68  spi.o(.bss)
    htim1                                    0x20000428   Data          72  tim.o(.bss)
    huart1                                   0x20000470   Data          64  usart.o(.bss)
    huart3                                   0x200004b0   Data          64  usart.o(.bss)
    hdma_usart1_rx                           0x200004f0   Data          68  usart.o(.bss)
    hdma_usart1_tx                           0x20000534   Data          68  usart.o(.bss)
    htim4                                    0x20000578   Data          72  stm32f1xx_hal_timebase_tim.o(.bss)
    uart1_rx_buf                             0x200005c0   Data         100  my_usart.o(.bss)
    uart1_tx_buf                             0x20000624   Data          50  my_usart.o(.bss)
    uart3_rx_buf                             0x20000656   Data          50  my_usart.o(.bss)
    uart3_tx_buf                             0x20000688   Data          20  my_usart.o(.bss)
    i2c1_buf                                 0x2000069c   Data          20  my_i2c.o(.bss)
    CAN1_Rx_Head                             0x200006b0   Data          28  my_can.o(.bss)
    CAN1_Tx_Head                             0x200006cc   Data          24  my_can.o(.bss)
    call_para                                0x200006e4   Data          20  my_tty.o(.bss)
    para_info                                0x200006f8   Data          40  my_tty.o(.bss)
    xQueueRegistry                           0x20000720   Data          64  queue.o(.bss)
    __heap_base                              0x200033f8   Data           0  startup_stm32f103xb.o(HEAP)
    __heap_limit                             0x200035f8   Data           0  startup_stm32f103xb.o(HEAP)
    __initial_sp                             0x200039f8   Data           0  startup_stm32f103xb.o(STACK)



==============================================================================

Memory Map of the image

  Image Entry point : 0x080000ed

  Load Region LR_IROM1 (Base: 0x08000000, Size: 0x000081a0, Max: 0x00010000, ABSOLUTE, COMPRESSED[0x00008054])

    Execution Region ER_IROM1 (Exec base: 0x08000000, Load base: 0x08000000, Size: 0x00007fdc, Max: 0x00010000, ABSOLUTE)

    Exec Addr    Load Addr    Size         Type   Attr      Idx    E Section Name        Object

    0x08000000   0x08000000   0x000000ec   Data   RO            3    RESET               startup_stm32f103xb.o
    0x080000ec   0x080000ec   0x00000000   Code   RO         6933  * .ARM.Collect$$$$00000000  mc_w.l(entry.o)
    0x080000ec   0x080000ec   0x00000004   Code   RO         7248    .ARM.Collect$$$$00000001  mc_w.l(entry2.o)
    0x080000f0   0x080000f0   0x00000004   Code   RO         7251    .ARM.Collect$$$$00000004  mc_w.l(entry5.o)
    0x080000f4   0x080000f4   0x00000000   Code   RO         7253    .ARM.Collect$$$$00000008  mc_w.l(entry7b.o)
    0x080000f4   0x080000f4   0x00000000   Code   RO         7255    .ARM.Collect$$$$0000000A  mc_w.l(entry8b.o)
    0x080000f4   0x080000f4   0x00000008   Code   RO         7256    .ARM.Collect$$$$0000000B  mc_w.l(entry9a.o)
    0x080000fc   0x080000fc   0x00000004   Code   RO         7263    .ARM.Collect$$$$0000000E  mc_w.l(entry12b.o)
    0x08000100   0x08000100   0x00000000   Code   RO         7258    .ARM.Collect$$$$0000000F  mc_w.l(entry10a.o)
    0x08000100   0x08000100   0x00000000   Code   RO         7260    .ARM.Collect$$$$00000011  mc_w.l(entry11a.o)
    0x08000100   0x08000100   0x00000004   Code   RO         7249    .ARM.Collect$$$$00002712  mc_w.l(entry2.o)
    0x08000104   0x08000104   0x00000096   Code   RO         6856    .emb_text           port.o
    0x0800019a   0x0800019a   0x00000002   PAD
    0x0800019c   0x0800019c   0x00000024   Code   RO            4    .text               startup_stm32f103xb.o
    0x080001c0   0x080001c0   0x00000024   Code   RO         6938    .text               mc_w.l(memcpya.o)
    0x080001e4   0x080001e4   0x00000024   Code   RO         6942    .text               mc_w.l(memseta.o)
    0x08000208   0x08000208   0x0000000e   Code   RO         6946    .text               mc_w.l(strlen.o)
    0x08000216   0x08000216   0x0000001a   Code   RO         6948    .text               mc_w.l(memcmp.o)
    0x08000230   0x08000230   0x000000b0   Code   RO         7240    .text               mf_w.l(fadd.o)
    0x080002e0   0x080002e0   0x00000064   Code   RO         7242    .text               mf_w.l(fmul.o)
    0x08000344   0x08000344   0x00000012   Code   RO         7244    .text               mf_w.l(fflti.o)
    0x08000356   0x08000356   0x0000000a   Code   RO         7246    .text               mf_w.l(ffltui.o)
    0x08000360   0x08000360   0x00000000   Code   RO         7270    .text               mc_w.l(iusefp.o)
    0x08000360   0x08000360   0x0000006e   Code   RO         7271    .text               mf_w.l(fepilogue.o)
    0x080003ce   0x080003ce   0x00000002   PAD
    0x080003d0   0x080003d0   0x00000024   Code   RO         7283    .text               mc_w.l(init.o)
    0x080003f4   0x080003f4   0x00000056   Code   RO         7299    .text               mc_w.l(__dczerorl2.o)
    0x0800044a   0x0800044a   0x00000002   PAD
    0x0800044c   0x0800044c   0x0000000c   Code   RO          688    i.ADC1_2_IRQHandler  stm32f1xx_it.o
    0x08000458   0x08000458   0x0000004c   Code   RO         1733    i.ADC_ConversionStop_Disable  stm32f1xx_hal_adc.o
    0x080004a4   0x080004a4   0x0000004e   Code   RO         1734    i.ADC_DMAConvCplt   stm32f1xx_hal_adc.o
    0x080004f2   0x080004f2   0x0000001a   Code   RO         1735    i.ADC_DMAError      stm32f1xx_hal_adc.o
    0x0800050c   0x0800050c   0x0000000a   Code   RO         1736    i.ADC_DMAHalfConvCplt  stm32f1xx_hal_adc.o
    0x08000516   0x08000516   0x00000002   PAD
    0x08000518   0x08000518   0x00000070   Code   RO         1737    i.ADC_Enable        stm32f1xx_hal_adc.o
    0x08000588   0x08000588   0x00000002   Code   RO          689    i.BusFault_Handler  stm32f1xx_it.o
    0x0800058a   0x0800058a   0x00000002   PAD
    0x0800058c   0x0800058c   0x0000000c   Code   RO          690    i.CAN1_SCE_IRQHandler  stm32f1xx_it.o
    0x08000598   0x08000598   0x00000010   Code   RO          313    i.Callback01        freertos.o
    0x080005a8   0x080005a8   0x0000000c   Code   RO          691    i.DMA1_Channel1_IRQHandler  stm32f1xx_it.o
    0x080005b4   0x080005b4   0x0000000c   Code   RO          692    i.DMA1_Channel2_IRQHandler  stm32f1xx_it.o
    0x080005c0   0x080005c0   0x0000000c   Code   RO          693    i.DMA1_Channel3_IRQHandler  stm32f1xx_it.o
    0x080005cc   0x080005cc   0x0000000c   Code   RO          694    i.DMA1_Channel4_IRQHandler  stm32f1xx_it.o
    0x080005d8   0x080005d8   0x0000000c   Code   RO          695    i.DMA1_Channel5_IRQHandler  stm32f1xx_it.o
    0x080005e4   0x080005e4   0x0000000c   Code   RO          696    i.DMA1_Channel6_IRQHandler  stm32f1xx_it.o
    0x080005f0   0x080005f0   0x0000000c   Code   RO          697    i.DMA1_Channel7_IRQHandler  stm32f1xx_it.o
    0x080005fc   0x080005fc   0x0000002a   Code   RO         2387    i.DMA_SetConfig     stm32f1xx_hal_dma.o
    0x08000626   0x08000626   0x00000002   Code   RO          698    i.DebugMon_Handler  stm32f1xx_it.o
    0x08000628   0x08000628   0x00000004   Code   RO           13    i.Error_Handler     main.o
    0x0800062c   0x0800062c   0x00000002   Code   RO         1915    i.HAL_ADCEx_InjectedConvCpltCallback  stm32f1xx_hal_adc_ex.o
    0x0800062e   0x0800062e   0x00000002   PAD
    0x08000630   0x08000630   0x000000fc   Code   RO         1739    i.HAL_ADC_ConfigChannel  stm32f1xx_hal_adc.o
    0x0800072c   0x0800072c   0x00000002   Code   RO         1740    i.HAL_ADC_ConvCpltCallback  stm32f1xx_hal_adc.o
    0x0800072e   0x0800072e   0x00000002   Code   RO         1741    i.HAL_ADC_ConvHalfCpltCallback  stm32f1xx_hal_adc.o
    0x08000730   0x08000730   0x00000002   Code   RO         1743    i.HAL_ADC_ErrorCallback  stm32f1xx_hal_adc.o
    0x08000732   0x08000732   0x000000e6   Code   RO         1747    i.HAL_ADC_IRQHandler  stm32f1xx_hal_adc.o
    0x08000818   0x08000818   0x0000011c   Code   RO         1748    i.HAL_ADC_Init      stm32f1xx_hal_adc.o
    0x08000934   0x08000934   0x00000002   Code   RO         1749    i.HAL_ADC_LevelOutOfWindowCallback  stm32f1xx_hal_adc.o
    0x08000936   0x08000936   0x00000002   PAD
    0x08000938   0x08000938   0x000000a0   Code   RO          371    i.HAL_ADC_MspInit   adc.o
    0x080009d8   0x080009d8   0x0000010c   Code   RO         1755    i.HAL_ADC_Start_DMA  stm32f1xx_hal_adc.o
    0x08000ae4   0x08000ae4   0x00000024   Code   RO         2985    i.HAL_CAN_ActivateNotification  stm32f1xx_hal_can.o
    0x08000b08   0x08000b08   0x000000ee   Code   RO         2987    i.HAL_CAN_ConfigFilter  stm32f1xx_hal_can.o
    0x08000bf6   0x08000bf6   0x00000010   Code   RO         1271    i.HAL_CAN_ErrorCallback  my_can.o
    0x08000c06   0x08000c06   0x000000e8   Code   RO         2993    i.HAL_CAN_GetRxMessage  stm32f1xx_hal_can.o
    0x08000cee   0x08000cee   0x000001fc   Code   RO         2997    i.HAL_CAN_IRQHandler  stm32f1xx_hal_can.o
    0x08000eea   0x08000eea   0x0000011a   Code   RO         2998    i.HAL_CAN_Init      stm32f1xx_hal_can.o
    0x08001004   0x08001004   0x0000009c   Code   RO          413    i.HAL_CAN_MspInit   can.o
    0x080010a0   0x080010a0   0x00000002   Code   RO         3005    i.HAL_CAN_RxFifo0FullCallback  stm32f1xx_hal_can.o
    0x080010a2   0x080010a2   0x00000002   PAD
    0x080010a4   0x080010a4   0x0000005c   Code   RO         1272    i.HAL_CAN_RxFifo0MsgPendingCallback  my_can.o
    0x08001100   0x08001100   0x00000002   Code   RO         3007    i.HAL_CAN_RxFifo1FullCallback  stm32f1xx_hal_can.o
    0x08001102   0x08001102   0x00000002   Code   RO         3008    i.HAL_CAN_RxFifo1MsgPendingCallback  stm32f1xx_hal_can.o
    0x08001104   0x08001104   0x00000002   Code   RO         1273    i.HAL_CAN_SleepCallback  my_can.o
    0x08001106   0x08001106   0x00000002   PAD
    0x08001108   0x08001108   0x00000058   Code   RO         3010    i.HAL_CAN_Start     stm32f1xx_hal_can.o
    0x08001160   0x08001160   0x00000002   Code   RO         3012    i.HAL_CAN_TxMailbox0AbortCallback  stm32f1xx_hal_can.o
    0x08001162   0x08001162   0x00000002   Code   RO         1274    i.HAL_CAN_TxMailbox0CompleteCallback  my_can.o
    0x08001164   0x08001164   0x00000002   Code   RO         3014    i.HAL_CAN_TxMailbox1AbortCallback  stm32f1xx_hal_can.o
    0x08001166   0x08001166   0x00000002   Code   RO         3015    i.HAL_CAN_TxMailbox1CompleteCallback  stm32f1xx_hal_can.o
    0x08001168   0x08001168   0x00000002   Code   RO         3016    i.HAL_CAN_TxMailbox2AbortCallback  stm32f1xx_hal_can.o
    0x0800116a   0x0800116a   0x00000002   Code   RO         3017    i.HAL_CAN_TxMailbox2CompleteCallback  stm32f1xx_hal_can.o
    0x0800116c   0x0800116c   0x00000002   Code   RO         3019    i.HAL_CAN_WakeUpFromRxMsgCallback  stm32f1xx_hal_can.o
    0x0800116e   0x0800116e   0x00000046   Code   RO         2388    i.HAL_DMA_Abort     stm32f1xx_hal_dma.o
    0x080011b4   0x080011b4   0x00000098   Code   RO         2389    i.HAL_DMA_Abort_IT  stm32f1xx_hal_dma.o
    0x0800124c   0x0800124c   0x00000006   Code   RO         2392    i.HAL_DMA_GetState  stm32f1xx_hal_dma.o
    0x08001252   0x08001252   0x00000002   PAD
    0x08001254   0x08001254   0x00000154   Code   RO         2393    i.HAL_DMA_IRQHandler  stm32f1xx_hal_dma.o
    0x080013a8   0x080013a8   0x0000005c   Code   RO         2394    i.HAL_DMA_Init      stm32f1xx_hal_dma.o
    0x08001404   0x08001404   0x00000070   Code   RO         2398    i.HAL_DMA_Start_IT  stm32f1xx_hal_dma.o
    0x08001474   0x08001474   0x00000024   Code   RO         2016    i.HAL_Delay         stm32f1xx_hal.o
    0x08001498   0x08001498   0x000001e0   Code   RO         2324    i.HAL_GPIO_Init     stm32f1xx_hal_gpio.o
    0x08001678   0x08001678   0x0000000a   Code   RO         2328    i.HAL_GPIO_WritePin  stm32f1xx_hal_gpio.o
    0x08001682   0x08001682   0x00000002   PAD
    0x08001684   0x08001684   0x0000000c   Code   RO         2020    i.HAL_GetTick       stm32f1xx_hal.o
    0x08001690   0x08001690   0x00000002   Code   RO         3218    i.HAL_I2C_AbortCpltCallback  stm32f1xx_hal_i2c.o
    0x08001692   0x08001692   0x00000002   Code   RO         3219    i.HAL_I2C_AddrCallback  stm32f1xx_hal_i2c.o
    0x08001694   0x08001694   0x000000c4   Code   RO         3222    i.HAL_I2C_ER_IRQHandler  stm32f1xx_hal_i2c.o
    0x08001758   0x08001758   0x00000266   Code   RO         3223    i.HAL_I2C_EV_IRQHandler  stm32f1xx_hal_i2c.o
    0x080019be   0x080019be   0x00000002   Code   RO         3225    i.HAL_I2C_ErrorCallback  stm32f1xx_hal_i2c.o
    0x080019c0   0x080019c0   0x00000006   Code   RO         3228    i.HAL_I2C_GetState  stm32f1xx_hal_i2c.o
    0x080019c6   0x080019c6   0x00000002   PAD
    0x080019c8   0x080019c8   0x00000188   Code   RO         3229    i.HAL_I2C_Init      stm32f1xx_hal_i2c.o
    0x08001b50   0x08001b50   0x00000002   Code   RO         3231    i.HAL_I2C_ListenCpltCallback  stm32f1xx_hal_i2c.o
    0x08001b52   0x08001b52   0x00000002   Code   RO         1145    i.HAL_I2C_MasterRxCpltCallback  my_i2c.o
    0x08001b54   0x08001b54   0x00000020   Code   RO         1146    i.HAL_I2C_MasterTxCpltCallback  my_i2c.o
    0x08001b74   0x08001b74   0x00000140   Code   RO         3236    i.HAL_I2C_Master_Receive_DMA  stm32f1xx_hal_i2c.o
    0x08001cb4   0x08001cb4   0x000000c8   Code   RO         3237    i.HAL_I2C_Master_Receive_IT  stm32f1xx_hal_i2c.o
    0x08001d7c   0x08001d7c   0x0000012c   Code   RO         3242    i.HAL_I2C_Master_Transmit  stm32f1xx_hal_i2c.o
    0x08001ea8   0x08001ea8   0x00000140   Code   RO         3243    i.HAL_I2C_Master_Transmit_DMA  stm32f1xx_hal_i2c.o
    0x08001fe8   0x08001fe8   0x000000bc   Code   RO         3244    i.HAL_I2C_Master_Transmit_IT  stm32f1xx_hal_i2c.o
    0x080020a4   0x080020a4   0x00000002   Code   RO         1147    i.HAL_I2C_MemRxCpltCallback  my_i2c.o
    0x080020a6   0x080020a6   0x00000002   Code   RO         1148    i.HAL_I2C_MemTxCpltCallback  my_i2c.o
    0x080020a8   0x080020a8   0x000000f8   Code   RO          479    i.HAL_I2C_MspInit   i2c.o
    0x080021a0   0x080021a0   0x00000002   Code   RO         3255    i.HAL_I2C_SlaveRxCpltCallback  stm32f1xx_hal_i2c.o
    0x080021a2   0x080021a2   0x00000002   Code   RO         3256    i.HAL_I2C_SlaveTxCpltCallback  stm32f1xx_hal_i2c.o
    0x080021a4   0x080021a4   0x00000052   Code   RO         3645    i.HAL_IWDG_Init     stm32f1xx_hal_iwdg.o
    0x080021f6   0x080021f6   0x0000000c   Code   RO         3646    i.HAL_IWDG_Refresh  stm32f1xx_hal_iwdg.o
    0x08002202   0x08002202   0x00000002   PAD
    0x08002204   0x08002204   0x00000010   Code   RO         2026    i.HAL_IncTick       stm32f1xx_hal.o
    0x08002214   0x08002214   0x00000024   Code   RO         2027    i.HAL_Init          stm32f1xx_hal.o
    0x08002238   0x08002238   0x00000074   Code   RO          896    i.HAL_InitTick      stm32f1xx_hal_timebase_tim.o
    0x080022ac   0x080022ac   0x00000048   Code   RO          872    i.HAL_MspInit       stm32f1xx_hal_msp.o
    0x080022f4   0x080022f4   0x0000001a   Code   RO         2484    i.HAL_NVIC_EnableIRQ  stm32f1xx_hal_cortex.o
    0x0800230e   0x0800230e   0x00000002   PAD
    0x08002310   0x08002310   0x00000040   Code   RO         2490    i.HAL_NVIC_SetPriority  stm32f1xx_hal_cortex.o
    0x08002350   0x08002350   0x00000024   Code   RO         2491    i.HAL_NVIC_SetPriorityGrouping  stm32f1xx_hal_cortex.o
    0x08002374   0x08002374   0x000000ec   Code   RO         2287    i.HAL_RCCEx_PeriphCLKConfig  stm32f1xx_hal_rcc_ex.o
    0x08002460   0x08002460   0x0000012c   Code   RO         2184    i.HAL_RCC_ClockConfig  stm32f1xx_hal_rcc.o
    0x0800258c   0x0800258c   0x00000040   Code   RO         2188    i.HAL_RCC_GetClockConfig  stm32f1xx_hal_rcc.o
    0x080025cc   0x080025cc   0x00000020   Code   RO         2191    i.HAL_RCC_GetPCLK1Freq  stm32f1xx_hal_rcc.o
    0x080025ec   0x080025ec   0x00000020   Code   RO         2192    i.HAL_RCC_GetPCLK2Freq  stm32f1xx_hal_rcc.o
    0x0800260c   0x0800260c   0x0000006c   Code   RO         2193    i.HAL_RCC_GetSysClockFreq  stm32f1xx_hal_rcc.o
    0x08002678   0x08002678   0x00000320   Code   RO         2196    i.HAL_RCC_OscConfig  stm32f1xx_hal_rcc.o
    0x08002998   0x08002998   0x00000002   Code   RO         3682    i.HAL_SPI_ErrorCallback  stm32f1xx_hal_spi.o
    0x0800299a   0x0800299a   0x00000002   PAD
    0x0800299c   0x0800299c   0x000000e0   Code   RO         3685    i.HAL_SPI_IRQHandler  stm32f1xx_hal_spi.o
    0x08002a7c   0x08002a7c   0x000000b2   Code   RO         3686    i.HAL_SPI_Init      stm32f1xx_hal_spi.o
    0x08002b2e   0x08002b2e   0x00000002   PAD
    0x08002b30   0x08002b30   0x000000e4   Code   RO          551    i.HAL_SPI_MspInit   spi.o
    0x08002c14   0x08002c14   0x00000002   Code   RO         4703    i.HAL_TIMEx_BreakCallback  stm32f1xx_hal_tim_ex.o
    0x08002c16   0x08002c16   0x00000002   Code   RO         4704    i.HAL_TIMEx_CommutCallback  stm32f1xx_hal_tim_ex.o
    0x08002c18   0x08002c18   0x00000054   Code   RO         4706    i.HAL_TIMEx_ConfigBreakDeadTime  stm32f1xx_hal_tim_ex.o
    0x08002c6c   0x08002c6c   0x00000068   Code   RO         4722    i.HAL_TIMEx_MasterConfigSynchronization  stm32f1xx_hal_tim_ex.o
    0x08002cd4   0x08002cd4   0x0000005a   Code   RO         3999    i.HAL_TIM_Base_Init  stm32f1xx_hal_tim.o
    0x08002d2e   0x08002d2e   0x00000002   PAD
    0x08002d30   0x08002d30   0x0000006c   Code   RO          593    i.HAL_TIM_Base_MspInit  tim.o
    0x08002d9c   0x08002d9c   0x00000058   Code   RO         4004    i.HAL_TIM_Base_Start_IT  stm32f1xx_hal_tim.o
    0x08002df4   0x08002df4   0x000000d6   Code   RO         4008    i.HAL_TIM_ConfigClockSource  stm32f1xx_hal_tim.o
    0x08002eca   0x08002eca   0x00000002   Code   RO         4033    i.HAL_TIM_IC_CaptureCallback  stm32f1xx_hal_tim.o
    0x08002ecc   0x08002ecc   0x00000166   Code   RO         4047    i.HAL_TIM_IRQHandler  stm32f1xx_hal_tim.o
    0x08003032   0x08003032   0x00000002   PAD
    0x08003034   0x08003034   0x0000004c   Code   RO          594    i.HAL_TIM_MspPostInit  tim.o
    0x08003080   0x08003080   0x0000004c   Code   RO         4048    i.HAL_TIM_OC_ConfigChannel  stm32f1xx_hal_tim.o
    0x080030cc   0x080030cc   0x00000002   Code   RO         4050    i.HAL_TIM_OC_DelayElapsedCallback  stm32f1xx_hal_tim.o
    0x080030ce   0x080030ce   0x0000005a   Code   RO         4052    i.HAL_TIM_OC_Init   stm32f1xx_hal_tim.o
    0x08003128   0x08003128   0x00000002   Code   RO         4054    i.HAL_TIM_OC_MspInit  stm32f1xx_hal_tim.o
    0x0800312a   0x0800312a   0x00000002   Code   RO         4077    i.HAL_TIM_PWM_PulseFinishedCallback  stm32f1xx_hal_tim.o
    0x0800312c   0x0800312c   0x00000014   Code   RO           14    i.HAL_TIM_PeriodElapsedCallback  main.o
    0x08003140   0x08003140   0x00000002   Code   RO         4090    i.HAL_TIM_TriggerCallback  stm32f1xx_hal_tim.o
    0x08003142   0x08003142   0x00000002   Code   RO         4981    i.HAL_UART_AbortReceiveCpltCallback  stm32f1xx_hal_uart.o
    0x08003144   0x08003144   0x0000005c   Code   RO         4982    i.HAL_UART_AbortReceive_IT  stm32f1xx_hal_uart.o
    0x080031a0   0x080031a0   0x00000058   Code   RO         4989    i.HAL_UART_DMAStop  stm32f1xx_hal_uart.o
    0x080031f8   0x080031f8   0x00000002   Code   RO         4991    i.HAL_UART_ErrorCallback  stm32f1xx_hal_uart.o
    0x080031fa   0x080031fa   0x00000002   PAD
    0x080031fc   0x080031fc   0x0000015c   Code   RO         4994    i.HAL_UART_IRQHandler  stm32f1xx_hal_uart.o
    0x08003358   0x08003358   0x00000062   Code   RO         4995    i.HAL_UART_Init     stm32f1xx_hal_uart.o
    0x080033ba   0x080033ba   0x00000002   PAD
    0x080033bc   0x080033bc   0x00000150   Code   RO          641    i.HAL_UART_MspInit  usart.o
    0x0800350c   0x0800350c   0x00000098   Code   RO         4999    i.HAL_UART_Receive_DMA  stm32f1xx_hal_uart.o
    0x080035a4   0x080035a4   0x00000052   Code   RO         5000    i.HAL_UART_Receive_IT  stm32f1xx_hal_uart.o
    0x080035f6   0x080035f6   0x00000002   Code   RO         1024    i.HAL_UART_RxCpltCallback  my_usart.o
    0x080035f8   0x080035f8   0x00000002   Code   RO         5002    i.HAL_UART_RxHalfCpltCallback  stm32f1xx_hal_uart.o
    0x080035fa   0x080035fa   0x00000002   PAD
    0x080035fc   0x080035fc   0x00000080   Code   RO         5004    i.HAL_UART_Transmit_DMA  stm32f1xx_hal_uart.o
    0x0800367c   0x0800367c   0x0000003e   Code   RO         5005    i.HAL_UART_Transmit_IT  stm32f1xx_hal_uart.o
    0x080036ba   0x080036ba   0x00000020   Code   RO         1025    i.HAL_UART_TxCpltCallback  my_usart.o
    0x080036da   0x080036da   0x00000002   Code   RO         5007    i.HAL_UART_TxHalfCpltCallback  stm32f1xx_hal_uart.o
    0x080036dc   0x080036dc   0x00000002   Code   RO          699    i.HardFault_Handler  stm32f1xx_it.o
    0x080036de   0x080036de   0x00000002   PAD
    0x080036e0   0x080036e0   0x0000000c   Code   RO          700    i.I2C1_ER_IRQHandler  stm32f1xx_it.o
    0x080036ec   0x080036ec   0x0000000c   Code   RO          701    i.I2C1_EV_IRQHandler  stm32f1xx_it.o
    0x080036f8   0x080036f8   0x000000bc   Code   RO         3267    i.I2C_DMAAbort      stm32f1xx_hal_i2c.o
    0x080037b4   0x080037b4   0x00000036   Code   RO         3268    i.I2C_DMAError      stm32f1xx_hal_i2c.o
    0x080037ea   0x080037ea   0x0000010a   Code   RO         3269    i.I2C_DMAXferCplt   stm32f1xx_hal_i2c.o
    0x080038f4   0x080038f4   0x00000158   Code   RO         3270    i.I2C_ITError       stm32f1xx_hal_i2c.o
    0x08003a4c   0x08003a4c   0x0000002e   Code   RO         3271    i.I2C_IsAcknowledgeFailed  stm32f1xx_hal_i2c.o
    0x08003a7a   0x08003a7a   0x000000d2   Code   RO         3272    i.I2C_MasterReceive_BTF  stm32f1xx_hal_i2c.o
    0x08003b4c   0x08003b4c   0x000000e8   Code   RO         3273    i.I2C_MasterReceive_RXNE  stm32f1xx_hal_i2c.o
    0x08003c34   0x08003c34   0x0000009c   Code   RO         3275    i.I2C_MasterRequestWrite  stm32f1xx_hal_i2c.o
    0x08003cd0   0x08003cd0   0x00000074   Code   RO         3276    i.I2C_MasterTransmit_BTF  stm32f1xx_hal_i2c.o
    0x08003d44   0x08003d44   0x000000b6   Code   RO         3277    i.I2C_MasterTransmit_TXE  stm32f1xx_hal_i2c.o
    0x08003dfa   0x08003dfa   0x00000002   PAD
    0x08003dfc   0x08003dfc   0x00000158   Code   RO         3278    i.I2C_Master_ADDR   stm32f1xx_hal_i2c.o
    0x08003f54   0x08003f54   0x0000008c   Code   RO         3279    i.I2C_Master_SB     stm32f1xx_hal_i2c.o
    0x08003fe0   0x08003fe0   0x000000a0   Code   RO         3280    i.I2C_MemoryTransmit_TXE_BTF  stm32f1xx_hal_i2c.o
    0x08004080   0x08004080   0x00000084   Code   RO         3283    i.I2C_Slave_AF      stm32f1xx_hal_i2c.o
    0x08004104   0x08004104   0x0000015c   Code   RO         3284    i.I2C_Slave_STOPF   stm32f1xx_hal_i2c.o
    0x08004260   0x08004260   0x0000004c   Code   RO         3285    i.I2C_WaitOnBTFFlagUntilTimeout  stm32f1xx_hal_i2c.o
    0x080042ac   0x080042ac   0x00000068   Code   RO         3286    i.I2C_WaitOnFlagUntilTimeout  stm32f1xx_hal_i2c.o
    0x08004314   0x08004314   0x00000096   Code   RO         3287    i.I2C_WaitOnMasterAddressFlagUntilTimeout  stm32f1xx_hal_i2c.o
    0x080043aa   0x080043aa   0x0000004c   Code   RO         3289    i.I2C_WaitOnTXEFlagUntilTimeout  stm32f1xx_hal_i2c.o
    0x080043f6   0x080043f6   0x00000002   PAD
    0x080043f8   0x080043f8   0x0000000c   Code   RO          935    i.IWDG_Feed         my_iwdg.o
    0x08004404   0x08004404   0x0000008c   Code   RO          372    i.MX_ADC1_Init      adc.o
    0x08004490   0x08004490   0x00000044   Code   RO          414    i.MX_CAN_Init       can.o
    0x080044d4   0x080044d4   0x0000008c   Code   RO          454    i.MX_DMA_Init       dma.o
    0x08004560   0x08004560   0x00000044   Code   RO          314    i.MX_FREERTOS_Init  freertos.o
    0x080045a4   0x080045a4   0x0000003c   Code   RO          289    i.MX_GPIO_Init      gpio.o
    0x080045e0   0x080045e0   0x00000040   Code   RO          480    i.MX_I2C1_Init      i2c.o
    0x08004620   0x08004620   0x0000002c   Code   RO          520    i.MX_IWDG_Init      iwdg.o
    0x0800464c   0x0800464c   0x00000048   Code   RO          552    i.MX_SPI1_Init      spi.o
    0x08004694   0x08004694   0x000000f8   Code   RO          595    i.MX_TIM1_Init      tim.o
    0x0800478c   0x0800478c   0x00000038   Code   RO          642    i.MX_USART1_UART_Init  usart.o
    0x080047c4   0x080047c4   0x00000038   Code   RO          643    i.MX_USART3_UART_Init  usart.o
    0x080047fc   0x080047fc   0x00000002   Code   RO          702    i.MemManage_Handler  stm32f1xx_it.o
    0x080047fe   0x080047fe   0x00000002   Code   RO          703    i.NMI_Handler       stm32f1xx_it.o
    0x08004800   0x08004800   0x0000000c   Code   RO          704    i.SPI1_IRQHandler   stm32f1xx_it.o
    0x0800480c   0x0800480c   0x00000010   Code   RO         3713    i.SPI_DMAAbortOnError  stm32f1xx_hal_spi.o
    0x0800481c   0x0800481c   0x00000034   Code   RO          315    i.StartDefaultTask  freertos.o
    0x08004850   0x08004850   0x00000038   Code   RO          316    i.StartTask_tty     freertos.o
    0x08004888   0x08004888   0x0000002c   Code   RO         6857    i.SysTick_Handler   port.o
    0x080048b4   0x080048b4   0x00000080   Code   RO           15    i.SystemClock_Config  main.o
    0x08004934   0x08004934   0x00000048   Code   RO         5292    i.SystemInit        system_stm32f1xx.o
    0x0800497c   0x0800497c   0x0000000c   Code   RO          705    i.TIM1_BRK_IRQHandler  stm32f1xx_it.o
    0x08004988   0x08004988   0x0000000c   Code   RO          706    i.TIM1_CC_IRQHandler  stm32f1xx_it.o
    0x08004994   0x08004994   0x0000000c   Code   RO          707    i.TIM1_TRG_COM_IRQHandler  stm32f1xx_it.o
    0x080049a0   0x080049a0   0x0000000c   Code   RO          708    i.TIM1_UP_IRQHandler  stm32f1xx_it.o
    0x080049ac   0x080049ac   0x0000000c   Code   RO          709    i.TIM4_IRQHandler   stm32f1xx_it.o
    0x080049b8   0x080049b8   0x0000006c   Code   RO         4092    i.TIM_Base_SetConfig  stm32f1xx_hal_tim.o
    0x08004a24   0x08004a24   0x00000014   Code   RO         4103    i.TIM_ETR_SetConfig  stm32f1xx_hal_tim.o
    0x08004a38   0x08004a38   0x00000010   Code   RO         4104    i.TIM_ITRx_SetConfig  stm32f1xx_hal_tim.o
    0x08004a48   0x08004a48   0x00000050   Code   RO         4105    i.TIM_OC1_SetConfig  stm32f1xx_hal_tim.o
    0x08004a98   0x08004a98   0x00000058   Code   RO         4106    i.TIM_OC2_SetConfig  stm32f1xx_hal_tim.o
    0x08004af0   0x08004af0   0x00000058   Code   RO         4107    i.TIM_OC3_SetConfig  stm32f1xx_hal_tim.o
    0x08004b48   0x08004b48   0x00000044   Code   RO         4108    i.TIM_OC4_SetConfig  stm32f1xx_hal_tim.o
    0x08004b8c   0x08004b8c   0x00000022   Code   RO         4110    i.TIM_TI1_ConfigInputStage  stm32f1xx_hal_tim.o
    0x08004bae   0x08004bae   0x00000024   Code   RO         4112    i.TIM_TI2_ConfigInputStage  stm32f1xx_hal_tim.o
    0x08004bd2   0x08004bd2   0x00000018   Code   RO         6388    i.TimerCallback     cmsis_os2.o
    0x08004bea   0x08004bea   0x00000010   Code   RO         5008    i.UART_DMAAbortOnError  stm32f1xx_hal_uart.o
    0x08004bfa   0x08004bfa   0x0000004a   Code   RO         5009    i.UART_DMAError     stm32f1xx_hal_uart.o
    0x08004c44   0x08004c44   0x0000003c   Code   RO         5010    i.UART_DMAReceiveCplt  stm32f1xx_hal_uart.o
    0x08004c80   0x08004c80   0x0000000a   Code   RO         5012    i.UART_DMARxHalfCplt  stm32f1xx_hal_uart.o
    0x08004c8a   0x08004c8a   0x00000014   Code   RO         5013    i.UART_DMARxOnlyAbortCallback  stm32f1xx_hal_uart.o
    0x08004c9e   0x08004c9e   0x0000002e   Code   RO         5014    i.UART_DMATransmitCplt  stm32f1xx_hal_uart.o
    0x08004ccc   0x08004ccc   0x0000000a   Code   RO         5016    i.UART_DMATxHalfCplt  stm32f1xx_hal_uart.o
    0x08004cd6   0x08004cd6   0x0000001c   Code   RO         5018    i.UART_EndRxTransfer  stm32f1xx_hal_uart.o
    0x08004cf2   0x08004cf2   0x00000012   Code   RO         5019    i.UART_EndTxTransfer  stm32f1xx_hal_uart.o
    0x08004d04   0x08004d04   0x0000008c   Code   RO         5020    i.UART_Receive_IT   stm32f1xx_hal_uart.o
    0x08004d90   0x08004d90   0x000000b8   Code   RO         5021    i.UART_SetConfig    stm32f1xx_hal_uart.o
    0x08004e48   0x08004e48   0x00000020   Code   RO          710    i.USART1_IRQHandler  stm32f1xx_it.o
    0x08004e68   0x08004e68   0x0000001c   Code   RO          711    i.USART3_IRQHandler  stm32f1xx_it.o
    0x08004e84   0x08004e84   0x0000000c   Code   RO          712    i.USB_HP_CAN1_TX_IRQHandler  stm32f1xx_it.o
    0x08004e90   0x08004e90   0x0000000c   Code   RO          713    i.USB_LP_CAN1_RX0_IRQHandler  stm32f1xx_it.o
    0x08004e9c   0x08004e9c   0x00000002   Code   RO          714    i.UsageFault_Handler  stm32f1xx_it.o
    0x08004e9e   0x08004e9e   0x00000020   Code   RO         2497    i.__NVIC_SetPriority  stm32f1xx_hal_cortex.o
    0x08004ebe   0x08004ebe   0x0000000e   Code   RO         7293    i.__scatterload_copy  mc_w.l(handlers.o)
    0x08004ecc   0x08004ecc   0x00000002   Code   RO         7294    i.__scatterload_null  mc_w.l(handlers.o)
    0x08004ece   0x08004ece   0x0000000e   Code   RO         7295    i.__scatterload_zeroinit  mc_w.l(handlers.o)
    0x08004edc   0x08004edc   0x00000024   Code   RO          986    i.adc_port2index    my_adc.o
    0x08004f00   0x08004f00   0x00000080   Code   RO         1474    i.ascii2hex_bytes   my_tty.o
    0x08004f80   0x08004f80   0x00000058   Code   RO         1119    i.calculate_communication_quality  my_usart.o
    0x08004fd8   0x08004fd8   0x00000038   Code   RO         1275    i.can_filter_cfg    my_can.o
    0x08005010   0x08005010   0x00000024   Code   RO         1276    i.can_handle2index  my_can.o
    0x08005034   0x08005034   0x00000014   Code   RO         1383    i.custom_peripherals_init  my_task.o
    0x08005048   0x08005048   0x0000001c   Code   RO         1346    i.event_groups_flag  my_queue_event.o
    0x08005064   0x08005064   0x00000064   Code   RO         1477    i.extract_para      my_tty.o
    0x080050c8   0x080050c8   0x00000016   Code   RO         1479    i.find_mark         my_tty.o
    0x080050de   0x080050de   0x0000003c   Code   RO         1480    i.find_marks        my_tty.o
    0x0800511a   0x0800511a   0x00000048   Code   RO         1481    i.find_str          my_tty.o
    0x08005162   0x08005162   0x00000002   PAD
    0x08005164   0x08005164   0x00000050   Code   RO         7212    i.free              mc_w.l(malloc.o)
    0x080051b4   0x080051b4   0x00000032   Code   RO         1482    i.get_default_method  my_tty.o
    0x080051e6   0x080051e6   0x00000002   PAD
    0x080051e8   0x080051e8   0x00000054   Code   RO         1484    i.get_func_name     my_tty.o
    0x0800523c   0x0800523c   0x0000007a   Code   RO         1486    i.get_func_para_num  my_tty.o
    0x080052b6   0x080052b6   0x0000003e   Code   RO         1487    i.get_func_para_type  my_tty.o
    0x080052f4   0x080052f4   0x000000ec   Code   RO         1488    i.get_func_para_val  my_tty.o
    0x080053e0   0x080053e0   0x00000064   Code   RO         1489    i.get_func_ret_type  my_tty.o
    0x08005444   0x08005444   0x0000008e   Code   RO         1490    i.get_para          my_tty.o
    0x080054d2   0x080054d2   0x00000030   Code   RO         1491    i.get_type_size     my_tty.o
    0x08005502   0x08005502   0x00000002   PAD
    0x08005504   0x08005504   0x000000ec   Code   RO         1492    i.hex_str2hex       my_tty.o
    0x080055f0   0x080055f0   0x00000024   Code   RO         1149    i.i2c_handle2index  my_i2c.o
    0x08005614   0x08005614   0x00000034   Code   RO         1157    i.i2c_port2handle   my_i2c.o
    0x08005648   0x08005648   0x00000042   Code   RO           16    i.main              main.o
    0x0800568a   0x0800568a   0x00000002   PAD
    0x0800568c   0x0800568c   0x0000006c   Code   RO         7213    i.malloc            mc_w.l(malloc.o)
    0x080056f8   0x080056f8   0x0000005c   Code   RO         1493    i.matching_func_name  my_tty.o
    0x08005754   0x08005754   0x00000026   Code   RO         1494    i.my_pow            my_tty.o
    0x0800577a   0x0800577a   0x00000002   PAD
    0x0800577c   0x0800577c   0x00000054   Code   RO         1026    i.my_uart_init      my_usart.o
    0x080057d0   0x080057d0   0x00000084   Code   RO         1027    i.my_uart_para_cfg  my_usart.o
    0x08005854   0x08005854   0x000000c0   Code   RO         1125    i.my_usart_rx_IRQ   my_usart.o
    0x08005914   0x08005914   0x00000034   Code   RO         6389    i.osDelay           cmsis_os2.o
    0x08005948   0x08005948   0x00000038   Code   RO         6403    i.osKernelInitialize  cmsis_os2.o
    0x08005980   0x08005980   0x00000040   Code   RO         6406    i.osKernelStart     cmsis_os2.o
    0x080059c0   0x080059c0   0x000000a4   Code   RO         6440    i.osThreadNew       cmsis_os2.o
    0x08005a64   0x08005a64   0x00000084   Code   RO         6449    i.osTimerNew        cmsis_os2.o
    0x08005ae8   0x08005ae8   0x0000004c   Code   RO         6450    i.osTimerStart      cmsis_os2.o
    0x08005b34   0x08005b34   0x0000005c   Code   RO         5885    i.prvAddCurrentTaskToDelayedList  tasks.o
    0x08005b90   0x08005b90   0x000000d0   Code   RO         5886    i.prvAddNewTaskToReadyList  tasks.o
    0x08005c60   0x08005c60   0x00000012   Code   RO         5727    i.prvBytesInBuffer  stream_buffer.o
    0x08005c72   0x08005c72   0x00000002   PAD
    0x08005c74   0x08005c74   0x00000058   Code   RO         6235    i.prvCheckForValidListAndQueue  timers.o
    0x08005ccc   0x08005ccc   0x00000026   Code   RO         5494    i.prvCopyDataFromQueue  queue.o
    0x08005cf2   0x08005cf2   0x0000006c   Code   RO         5495    i.prvCopyDataToQueue  queue.o
    0x08005d5e   0x08005d5e   0x00000034   Code   RO         5887    i.prvDeleteTCB      tasks.o
    0x08005d92   0x08005d92   0x00000002   PAD
    0x08005d94   0x08005d94   0x0000004c   Code   RO         6807    i.prvHeapInit       heap_4.o
    0x08005de0   0x08005de0   0x00000060   Code   RO         5888    i.prvIdleTask       tasks.o
    0x08005e40   0x08005e40   0x00000022   Code   RO         5497    i.prvInitialiseNewQueue  queue.o
    0x08005e62   0x08005e62   0x0000004c   Code   RO         5728    i.prvInitialiseNewStreamBuffer  stream_buffer.o
    0x08005eae   0x08005eae   0x0000009c   Code   RO         5889    i.prvInitialiseNewTask  tasks.o
    0x08005f4a   0x08005f4a   0x00000044   Code   RO         6236    i.prvInitialiseNewTimer  timers.o
    0x08005f8e   0x08005f8e   0x00000002   PAD
    0x08005f90   0x08005f90   0x0000004c   Code   RO         6808    i.prvInsertBlockIntoFreeList  heap_4.o
    0x08005fdc   0x08005fdc   0x00000038   Code   RO         6237    i.prvInsertTimerInActiveList  timers.o
    0x08006014   0x08006014   0x0000001c   Code   RO         5498    i.prvIsQueueEmpty   queue.o
    0x08006030   0x08006030   0x000000cc   Code   RO         6238    i.prvProcessReceivedCommands  timers.o
    0x080060fc   0x080060fc   0x000000b4   Code   RO         6239    i.prvProcessTimerOrBlockTask  timers.o
    0x080061b0   0x080061b0   0x00000020   Code   RO         5891    i.prvResetNextTaskUnblockTime  tasks.o
    0x080061d0   0x080061d0   0x00000028   Code   RO         6240    i.prvSampleTimeNow  timers.o
    0x080061f8   0x080061f8   0x0000006c   Code   RO         6241    i.prvSwitchTimerLists  timers.o
    0x08006264   0x08006264   0x00000028   Code   RO         6858    i.prvTaskExitError  port.o
    0x0800628c   0x0800628c   0x00000024   Code   RO         6242    i.prvTimerTask      timers.o
    0x080062b0   0x080062b0   0x0000006a   Code   RO         5499    i.prvUnlockQueue    queue.o
    0x0800631a   0x0800631a   0x00000082   Code   RO         5731    i.prvWriteBytesToBuffer  stream_buffer.o
    0x0800639c   0x0800639c   0x0000003c   Code   RO         5732    i.prvWriteMessageToBuffer  stream_buffer.o
    0x080063d8   0x080063d8   0x000000d8   Code   RO         6809    i.pvPortMalloc      heap_4.o
    0x080064b0   0x080064b0   0x00000018   Code   RO         5894    i.pvTaskIncrementMutexHeldCount  tasks.o
    0x080064c8   0x080064c8   0x00000024   Code   RO         6243    i.pvTimerGetTimerID  timers.o
    0x080064ec   0x080064ec   0x00000024   Code   RO         6859    i.pxPortInitialiseStack  port.o
    0x08006510   0x08006510   0x000000d0   Code   RO         1347    i.que_event_sem_init  my_queue_event.o
    0x080065e0   0x080065e0   0x00000060   Code   RO         1159    i.read_msg          my_i2c.o
    0x08006640   0x08006640   0x000000a4   Code   RO         1496    i.response_func_cmd  my_tty.o
    0x080066e4   0x080066e4   0x00000060   Code   RO         1497    i.run_call_func     my_tty.o
    0x08006744   0x08006744   0x00000086   Code   RO         1498    i.skip_func_para_n  my_tty.o
    0x080067ca   0x080067ca   0x00000016   Code   RO         1499    i.skip_mark         my_tty.o
    0x080067e0   0x080067e0   0x00000024   Code   RO          987    i.start_adc_dma     my_adc.o
    0x08006804   0x08006804   0x0000008c   Code   RO         1501    i.str2float         my_tty.o
    0x08006890   0x08006890   0x00000024   Code   RO         1502    i.str2int           my_tty.o
    0x080068b4   0x080068b4   0x000000b4   Code   RO         1503    i.str2type          my_tty.o
    0x08006968   0x08006968   0x00000002   Code   RO         1504    i.tty_test          my_tty.o
    0x0800696a   0x0800696a   0x00000002   PAD
    0x0800696c   0x0800696c   0x00000028   Code   RO         1030    i.uart_handle2index  my_usart.o
    0x08006994   0x08006994   0x00000034   Code   RO         1031    i.uart_handle2port  my_usart.o
    0x080069c8   0x080069c8   0x0000002c   Code   RO         1034    i.uart_port2index   my_usart.o
    0x080069f4   0x080069f4   0x0000006c   Code   RO         1036    i.usart_send        my_usart.o
    0x08006a60   0x08006a60   0x00000026   Code   RO         5454    i.uxListRemove      list.o
    0x08006a86   0x08006a86   0x00000002   PAD
    0x08006a88   0x08006a88   0x00000014   Code   RO         6452    i.vApplicationGetIdleTaskMemory  cmsis_os2.o
    0x08006a9c   0x08006a9c   0x00000018   Code   RO         6453    i.vApplicationGetTimerTaskMemory  cmsis_os2.o
    0x08006ab4   0x08006ab4   0x00000016   Code   RO         5455    i.vListInitialise   list.o
    0x08006aca   0x08006aca   0x00000006   Code   RO         5456    i.vListInitialiseItem  list.o
    0x08006ad0   0x08006ad0   0x00000030   Code   RO         5457    i.vListInsert       list.o
    0x08006b00   0x08006b00   0x00000018   Code   RO         5458    i.vListInsertEnd    list.o
    0x08006b18   0x08006b18   0x00000040   Code   RO         6861    i.vPortEnterCritical  port.o
    0x08006b58   0x08006b58   0x00000028   Code   RO         6862    i.vPortExitCritical  port.o
    0x08006b80   0x08006b80   0x0000005c   Code   RO         6810    i.vPortFree         heap_4.o
    0x08006bdc   0x08006bdc   0x00000024   Code   RO         6863    i.vPortSetupTimerInterrupt  port.o
    0x08006c00   0x08006c00   0x00000054   Code   RO         6864    i.vPortValidateInterruptPriority  port.o
    0x08006c54   0x08006c54   0x00000028   Code   RO         5505    i.vQueueAddToRegistry  queue.o
    0x08006c7c   0x08006c7c   0x00000044   Code   RO         5509    i.vQueueWaitForMessageRestricted  queue.o
    0x08006cc0   0x08006cc0   0x0000004c   Code   RO         5903    i.vTaskDelay        tasks.o
    0x08006d0c   0x08006d0c   0x0000008c   Code   RO         5904    i.vTaskDelayUntil   tasks.o
    0x08006d98   0x08006d98   0x00000010   Code   RO         5908    i.vTaskInternalSetTimeOutState  tasks.o
    0x08006da8   0x08006da8   0x0000000c   Code   RO         5909    i.vTaskMissedYield  tasks.o
    0x08006db4   0x08006db4   0x00000030   Code   RO         5911    i.vTaskPlaceOnEventList  tasks.o
    0x08006de4   0x08006de4   0x00000038   Code   RO         5912    i.vTaskPlaceOnEventListRestricted  tasks.o
    0x08006e1c   0x08006e1c   0x00000090   Code   RO         5914    i.vTaskPriorityDisinheritAfterTimeout  tasks.o
    0x08006eac   0x08006eac   0x00000088   Code   RO         5920    i.vTaskStartScheduler  tasks.o
    0x08006f34   0x08006f34   0x00000010   Code   RO         5922    i.vTaskSuspendAll   tasks.o
    0x08006f44   0x08006f44   0x00000064   Code   RO         5923    i.vTaskSwitchContext  tasks.o
    0x08006fa8   0x08006fa8   0x0000002c   Code   RO         1160    i.wait_i2c_ready    my_i2c.o
    0x08006fd4   0x08006fd4   0x0000004c   Code   RO         1161    i.write_msg         my_i2c.o
    0x08007020   0x08007020   0x0000001c   Code   RO         5343    i.xEventGroupCreate  event_groups.o
    0x0800703c   0x0800703c   0x000000a8   Code   RO         6865    i.xPortStartScheduler  port.o
    0x080070e4   0x080070e4   0x00000048   Code   RO         5514    i.xQueueGenericCreate  queue.o
    0x0800712c   0x0800712c   0x00000066   Code   RO         5515    i.xQueueGenericCreateStatic  queue.o
    0x08007192   0x08007192   0x00000002   PAD
    0x08007194   0x08007194   0x00000088   Code   RO         5516    i.xQueueGenericReset  queue.o
    0x0800721c   0x0800721c   0x00000160   Code   RO         5517    i.xQueueGenericSend  queue.o
    0x0800737c   0x0800737c   0x000000bc   Code   RO         5518    i.xQueueGenericSendFromISR  queue.o
    0x08007438   0x08007438   0x0000009c   Code   RO         5521    i.xQueueGiveFromISR  queue.o
    0x080074d4   0x080074d4   0x00000138   Code   RO         5527    i.xQueueReceive     queue.o
    0x0800760c   0x0800760c   0x00000178   Code   RO         5529    i.xQueueSemaphoreTake  queue.o
    0x08007784   0x08007784   0x00000052   Code   RO         5738    i.xStreamBufferGenericCreate  stream_buffer.o
    0x080077d6   0x080077d6   0x0000008e   Code   RO         5748    i.xStreamBufferSendFromISR  stream_buffer.o
    0x08007864   0x08007864   0x00000026   Code   RO         5750    i.xStreamBufferSpacesAvailable  stream_buffer.o
    0x0800788a   0x0800788a   0x00000002   PAD
    0x0800788c   0x0800788c   0x00000074   Code   RO         5924    i.xTaskCheckForTimeOut  tasks.o
    0x08007900   0x08007900   0x0000005a   Code   RO         5925    i.xTaskCreate       tasks.o
    0x0800795a   0x0800795a   0x00000056   Code   RO         5926    i.xTaskCreateStatic  tasks.o
    0x080079b0   0x080079b0   0x000000f0   Code   RO         5928    i.xTaskGenericNotifyFromISR  tasks.o
    0x08007aa0   0x08007aa0   0x0000001c   Code   RO         5930    i.xTaskGetSchedulerState  tasks.o
    0x08007abc   0x08007abc   0x0000000c   Code   RO         5931    i.xTaskGetTickCount  tasks.o
    0x08007ac8   0x08007ac8   0x000000c8   Code   RO         5933    i.xTaskIncrementTick  tasks.o
    0x08007b90   0x08007b90   0x00000080   Code   RO         5936    i.xTaskPriorityDisinherit  tasks.o
    0x08007c10   0x08007c10   0x00000078   Code   RO         5937    i.xTaskPriorityInherit  tasks.o
    0x08007c88   0x08007c88   0x00000070   Code   RO         5938    i.xTaskRemoveFromEventList  tasks.o
    0x08007cf8   0x08007cf8   0x000000c4   Code   RO         5939    i.xTaskResumeAll    tasks.o
    0x08007dbc   0x08007dbc   0x00000034   Code   RO         6247    i.xTimerCreate      timers.o
    0x08007df0   0x08007df0   0x0000002e   Code   RO         6248    i.xTimerCreateStatic  timers.o
    0x08007e1e   0x08007e1e   0x00000002   PAD
    0x08007e20   0x08007e20   0x00000060   Code   RO         6249    i.xTimerCreateTimerTask  timers.o
    0x08007e80   0x08007e80   0x00000068   Code   RO         6250    i.xTimerGenericCommand  timers.o
    0x08007ee8   0x08007ee8   0x00000058   Data   RO          319    .constdata          freertos.o
    0x08007f40   0x08007f40   0x00000010   Data   RO         5293    .constdata          system_stm32f1xx.o
    0x08007f50   0x08007f50   0x00000008   Data   RO         5294    .constdata          system_stm32f1xx.o
    0x08007f58   0x08007f58   0x00000023   Data   RO          320    .conststring        freertos.o
    0x08007f7b   0x08007f7b   0x00000001   PAD
    0x08007f7c   0x08007f7c   0x0000003e   Data   RO         1506    .conststring        my_tty.o
    0x08007fba   0x08007fba   0x00000002   PAD
    0x08007fbc   0x08007fbc   0x00000020   Data   RO         7291    Region$$Table       anon$$obj.o


    Execution Region RW_IRAM1 (Exec base: 0x20000000, Load base: 0x08007fdc, Size: 0x000039f8, Max: 0x00005000, ABSOLUTE, COMPRESSED[0x00000078])

    Exec Addr    Load Addr    Size         Type   Attr      Idx    E Section Name        Object

    0x20000000   COMPRESSED   0x0000000c   Data   RW          321    .data               freertos.o
    0x2000000c   COMPRESSED   0x00000010   Data   RW          988    .data               my_adc.o
    0x2000001c   COMPRESSED   0x00000008   Data   RW          989    .data               my_adc.o
    0x20000024   COMPRESSED   0x00000068   Data   RW         1041    .data               my_usart.o
    0x2000008c   COMPRESSED   0x00000028   Data   RW         1163    .data               my_i2c.o
    0x200000b4   COMPRESSED   0x00000018   Data   RW         1281    .data               my_can.o
    0x200000cc   COMPRESSED   0x00000008   Data   RW         1282    .data               my_can.o
    0x200000d4   COMPRESSED   0x00000008   Data   RW         1283    .data               my_can.o
    0x200000dc   COMPRESSED   0x00000044   Data   RW         1348    .data               my_queue_event.o
    0x20000120   COMPRESSED   0x00000004   Data   RW         1387    .data               my_task.o
    0x20000124   COMPRESSED   0x00000010   Data   RW         1508    .data               my_tty.o
    0x20000134   COMPRESSED   0x0000000c   Data   RW         2034    .data               stm32f1xx_hal.o
    0x20000140   COMPRESSED   0x00000004   Data   RW         5295    .data               system_stm32f1xx.o
    0x20000144   COMPRESSED   0x0000003c   Data   RW         5942    .data               tasks.o
    0x20000180   COMPRESSED   0x00000014   Data   RW         6258    .data               timers.o
    0x20000194   COMPRESSED   0x00000004   Data   RW         6455    .data               cmsis_os2.o
    0x20000198   COMPRESSED   0x00000018   Data   RW         6815    .data               heap_4.o
    0x200001b0   COMPRESSED   0x0000000c   Data   RW         6866    .data               port.o
    0x200001bc   COMPRESSED   0x00000004   Data   RW         7268    .data               mc_w.l(mvars.o)
    0x200001c0   COMPRESSED   0x00000004   Data   RW         7269    .data               mc_w.l(mvars.o)
    0x200001c4        -       0x00000074   Zero   RW          373    .bss                adc.o
    0x20000238        -       0x00000028   Zero   RW          415    .bss                can.o
    0x20000260        -       0x000000dc   Zero   RW          481    .bss                i2c.o
    0x2000033c        -       0x0000000c   Zero   RW          521    .bss                iwdg.o
    0x20000348        -       0x000000e0   Zero   RW          553    .bss                spi.o
    0x20000428        -       0x00000048   Zero   RW          596    .bss                tim.o
    0x20000470        -       0x00000108   Zero   RW          644    .bss                usart.o
    0x20000578        -       0x00000048   Zero   RW          899    .bss                stm32f1xx_hal_timebase_tim.o
    0x200005c0        -       0x00000064   Zero   RW         1037    .bss                my_usart.o
    0x20000624        -       0x00000032   Zero   RW         1038    .bss                my_usart.o
    0x20000656        -       0x00000032   Zero   RW         1039    .bss                my_usart.o
    0x20000688        -       0x00000014   Zero   RW         1040    .bss                my_usart.o
    0x2000069c        -       0x00000014   Zero   RW         1162    .bss                my_i2c.o
    0x200006b0        -       0x0000001c   Zero   RW         1279    .bss                my_can.o
    0x200006cc        -       0x00000018   Zero   RW         1280    .bss                my_can.o
    0x200006e4        -       0x0000003c   Zero   RW         1505    .bss                my_tty.o
    0x20000720        -       0x00000040   Zero   RW         5531    .bss                queue.o
    0x20000760        -       0x000004c4   Zero   RW         5941    .bss                tasks.o
    0x20000c24        -       0x00000118   Zero   RW         6257    .bss                timers.o
    0x20000d3c        -       0x000006b8   Zero   RW         6454    .bss                cmsis_os2.o
    0x200013f4        -       0x00002000   Zero   RW         6814    .bss                heap_4.o
    0x200033f4   COMPRESSED   0x00000004   PAD
    0x200033f8        -       0x00000200   Zero   RW            2    HEAP                startup_stm32f103xb.o
    0x200035f8        -       0x00000400   Zero   RW            1    STACK               startup_stm32f103xb.o


==============================================================================

Image component sizes


      Code (inc. data)   RO Data    RW Data    ZI Data      Debug   Object Name

       300         30          0          0        116       1871   adc.o
       224         20          0          0         40       1739   can.o
       612         46          0          4       1720      17382   cmsis_os2.o
       140          4          0          0          0        838   dma.o
        28          0          0          0          0      20008   event_groups.o
       192         40        123         12          0       3125   freertos.o
        60          6          0          0          0        847   gpio.o
       460         24          0         24       8192       4763   heap_4.o
       312         40          0          0        220       1931   i2c.o
        44          8          0          0         12        739   iwdg.o
       138          0          0          0          0       3486   list.o
       218          6          0          0          0     494972   main.o
        72         10          0         24          0       2289   my_adc.o
       204         20          0         40         52       4651   my_can.o
       342         24          0         40         20       6596   my_i2c.o
        12          6          0          0          0        420   my_iwdg.o
       236         10          0         68          0       2680   my_queue_event.o
        20          0          0          4          0        755   my_task.o
      2366        132         62         16         60      21527   my_tty.o
       774         52          0        104        220       8963   my_usart.o
       662         70          0         12          0      11001   port.o
      2116         24          0          0         64      18884   queue.o
       300         30          0          0        224       1911   spi.o
        36          8        236          0       1536        820   startup_stm32f103xb.o
       100         18          0         12          0       5354   stm32f1xx_hal.o
      1344         54          0          0          0      10022   stm32f1xx_hal_adc.o
         2          0          0          0          0       1089   stm32f1xx_hal_adc_ex.o
      1402          0          0          0          0      11239   stm32f1xx_hal_can.o
       158         14          0          0          0      28258   stm32f1xx_hal_cortex.o
       814         36          0          0          0       5669   stm32f1xx_hal_dma.o
       490         34          0          0          0       2940   stm32f1xx_hal_gpio.o
      5872        120          0          0          0      32084   stm32f1xx_hal_i2c.o
        94          0          0          0          0       1787   stm32f1xx_hal_iwdg.o
        72         10          0          0          0        902   stm32f1xx_hal_msp.o
      1336        110          0          0          0       5925   stm32f1xx_hal_rcc.o
       236         12          0          0          0       1412   stm32f1xx_hal_rcc_ex.o
       420          4          0          0          0       3368   stm32f1xx_hal_spi.o
      1464         46          0          0          0      14695   stm32f1xx_hal_tim.o
       192         12          0          0          0       3237   stm32f1xx_hal_tim_ex.o
       116         16          0          0         72       1471   stm32f1xx_hal_timebase_tim.o
      1664         42          0          0          0      16117   stm32f1xx_hal_uart.o
       300        128          0          0          0      12389   stm32f1xx_it.o
       546          0          0          0          0      18575   stream_buffer.o
        72         16         24          4          0       1231   system_stm32f1xx.o
      2732        222          0         60       1220      28879   tasks.o
       432         30          0          0         72       2516   tim.o
      1114         82          0         20        280      30099   timers.o
       448         46          0          0        264       2661   usart.o

    ----------------------------------------------------------------------
     31358       1662        480        444      14388     874117   Object Totals
         0          0         32          0          0          0   (incl. Generated)
        70          0          3          0          4          0   (incl. Padding)

    ----------------------------------------------------------------------

      Code (inc. data)   RO Data    RW Data    ZI Data      Debug   Library Member Name

        86          0          0          0          0          0   __dczerorl2.o
         0          0          0          0          0          0   entry.o
         0          0          0          0          0          0   entry10a.o
         0          0          0          0          0          0   entry11a.o
         4          0          0          0          0          0   entry12b.o
         8          4          0          0          0          0   entry2.o
         4          0          0          0          0          0   entry5.o
         0          0          0          0          0          0   entry7b.o
         0          0          0          0          0          0   entry8b.o
         8          4          0          0          0          0   entry9a.o
        30          0          0          0          0          0   handlers.o
        36          8          0          0          0         68   init.o
         0          0          0          0          0          0   iusefp.o
       188         20          0          0          0        160   malloc.o
        26          0          0          0          0         80   memcmp.o
        36          0          0          0          0         68   memcpya.o
        36          0          0          0          0        108   memseta.o
         0          0          0          8          0          0   mvars.o
        14          0          0          0          0         68   strlen.o
       176          0          0          0          0        140   fadd.o
       110          0          0          0          0        168   fepilogue.o
        18          0          0          0          0         68   fflti.o
        10          0          0          0          0         68   ffltui.o
       100          0          0          0          0         76   fmul.o

    ----------------------------------------------------------------------
       894         36          0          8          0       1072   Library Totals
         4          0          0          0          0          0   (incl. Padding)

    ----------------------------------------------------------------------

      Code (inc. data)   RO Data    RW Data    ZI Data      Debug   Library Name

       476         36          0          8          0        552   mc_w.l
       414          0          0          0          0        520   mf_w.l

    ----------------------------------------------------------------------
       894         36          0          8          0       1072   Library Totals

    ----------------------------------------------------------------------

==============================================================================


      Code (inc. data)   RO Data    RW Data    ZI Data      Debug   

     32252       1698        480        452      14388     857429   Grand Totals
     32252       1698        480        120      14388     857429   ELF Image Totals (compressed)
     32252       1698        480        120          0          0   ROM Totals

==============================================================================

    Total RO  Size (Code + RO Data)                32732 (  31.96kB)
    Total RW  Size (RW Data + ZI Data)             14840 (  14.49kB)
    Total ROM Size (Code + RO Data + RW Data)      32852 (  32.08kB)

==============================================================================

